Archive member included to satisfy reference by file (symbol)

C:/ST/STM32CubeIDE_1.13.2/STM32CubeIDE/plugins/com.st.stm32cube.ide.mcu.externaltools.gnu-tools-for-stm32.11.3.rel1.win32_1.1.1.202309131626/tools/bin/../lib/gcc/arm-none-eabi/11.3.1/../../../../arm-none-eabi/lib/thumb/v7e-m+fp/hard\libc_nano.a(libc_a-atof.o)
                              ./Core/Src/gps_neo6.o (atof)
C:/ST/STM32CubeIDE_1.13.2/STM32CubeIDE/plugins/com.st.stm32cube.ide.mcu.externaltools.gnu-tools-for-stm32.11.3.rel1.win32_1.1.1.202309131626/tools/bin/../lib/gcc/arm-none-eabi/11.3.1/../../../../arm-none-eabi/lib/thumb/v7e-m+fp/hard\libc_nano.a(libc_a-atoi.o)
                              ./Core/Src/gps_neo6.o (atoi)
C:/ST/STM32CubeIDE_1.13.2/STM32CubeIDE/plugins/com.st.stm32cube.ide.mcu.externaltools.gnu-tools-for-stm32.11.3.rel1.win32_1.1.1.202309131626/tools/bin/../lib/gcc/arm-none-eabi/11.3.1/../../../../arm-none-eabi/lib/thumb/v7e-m+fp/hard\libc_nano.a(libc_a-exit.o)
                              C:/ST/STM32CubeIDE_1.13.2/STM32CubeIDE/plugins/com.st.stm32cube.ide.mcu.externaltools.gnu-tools-for-stm32.11.3.rel1.win32_1.1.1.202309131626/tools/bin/../lib/gcc/arm-none-eabi/11.3.1/../../../../arm-none-eabi/lib/thumb/v7e-m+fp/hard/crt0.o (exit)
C:/ST/STM32CubeIDE_1.13.2/STM32CubeIDE/plugins/com.st.stm32cube.ide.mcu.externaltools.gnu-tools-for-stm32.11.3.rel1.win32_1.1.1.202309131626/tools/bin/../lib/gcc/arm-none-eabi/11.3.1/../../../../arm-none-eabi/lib/thumb/v7e-m+fp/hard\libc_nano.a(libc_a-strtod.o)
                              C:/ST/STM32CubeIDE_1.13.2/STM32CubeIDE/plugins/com.st.stm32cube.ide.mcu.externaltools.gnu-tools-for-stm32.11.3.rel1.win32_1.1.1.202309131626/tools/bin/../lib/gcc/arm-none-eabi/11.3.1/../../../../arm-none-eabi/lib/thumb/v7e-m+fp/hard\libc_nano.a(libc_a-atof.o) (strtod)
C:/ST/STM32CubeIDE_1.13.2/STM32CubeIDE/plugins/com.st.stm32cube.ide.mcu.externaltools.gnu-tools-for-stm32.11.3.rel1.win32_1.1.1.202309131626/tools/bin/../lib/gcc/arm-none-eabi/11.3.1/../../../../arm-none-eabi/lib/thumb/v7e-m+fp/hard\libc_nano.a(libc_a-strtol.o)
                              C:/ST/STM32CubeIDE_1.13.2/STM32CubeIDE/plugins/com.st.stm32cube.ide.mcu.externaltools.gnu-tools-for-stm32.11.3.rel1.win32_1.1.1.202309131626/tools/bin/../lib/gcc/arm-none-eabi/11.3.1/../../../../arm-none-eabi/lib/thumb/v7e-m+fp/hard\libc_nano.a(libc_a-atoi.o) (_strtol_r)
C:/ST/STM32CubeIDE_1.13.2/STM32CubeIDE/plugins/com.st.stm32cube.ide.mcu.externaltools.gnu-tools-for-stm32.11.3.rel1.win32_1.1.1.202309131626/tools/bin/../lib/gcc/arm-none-eabi/11.3.1/../../../../arm-none-eabi/lib/thumb/v7e-m+fp/hard\libc_nano.a(libc_a-ctype_.o)
                              C:/ST/STM32CubeIDE_1.13.2/STM32CubeIDE/plugins/com.st.stm32cube.ide.mcu.externaltools.gnu-tools-for-stm32.11.3.rel1.win32_1.1.1.202309131626/tools/bin/../lib/gcc/arm-none-eabi/11.3.1/../../../../arm-none-eabi/lib/thumb/v7e-m+fp/hard\libc_nano.a(libc_a-strtol.o) (_ctype_)
C:/ST/STM32CubeIDE_1.13.2/STM32CubeIDE/plugins/com.st.stm32cube.ide.mcu.externaltools.gnu-tools-for-stm32.11.3.rel1.win32_1.1.1.202309131626/tools/bin/../lib/gcc/arm-none-eabi/11.3.1/../../../../arm-none-eabi/lib/thumb/v7e-m+fp/hard\libc_nano.a(libc_a-nano-vfprintf_float.o)
                              (_printf_float)
C:/ST/STM32CubeIDE_1.13.2/STM32CubeIDE/plugins/com.st.stm32cube.ide.mcu.externaltools.gnu-tools-for-stm32.11.3.rel1.win32_1.1.1.202309131626/tools/bin/../lib/gcc/arm-none-eabi/11.3.1/../../../../arm-none-eabi/lib/thumb/v7e-m+fp/hard\libc_nano.a(libc_a-nano-vfprintf_i.o)
                              C:/ST/STM32CubeIDE_1.13.2/STM32CubeIDE/plugins/com.st.stm32cube.ide.mcu.externaltools.gnu-tools-for-stm32.11.3.rel1.win32_1.1.1.202309131626/tools/bin/../lib/gcc/arm-none-eabi/11.3.1/../../../../arm-none-eabi/lib/thumb/v7e-m+fp/hard\libc_nano.a(libc_a-nano-vfprintf_float.o) (_printf_common)
C:/ST/STM32CubeIDE_1.13.2/STM32CubeIDE/plugins/com.st.stm32cube.ide.mcu.externaltools.gnu-tools-for-stm32.11.3.rel1.win32_1.1.1.202309131626/tools/bin/../lib/gcc/arm-none-eabi/11.3.1/../../../../arm-none-eabi/lib/thumb/v7e-m+fp/hard\libc_nano.a(libc_a-findfp.o)
                              C:/ST/STM32CubeIDE_1.13.2/STM32CubeIDE/plugins/com.st.stm32cube.ide.mcu.externaltools.gnu-tools-for-stm32.11.3.rel1.win32_1.1.1.202309131626/tools/bin/../lib/gcc/arm-none-eabi/11.3.1/../../../../arm-none-eabi/lib/thumb/v7e-m+fp/hard\libc_nano.a(libc_a-exit.o) (__stdio_exit_handler)
C:/ST/STM32CubeIDE_1.13.2/STM32CubeIDE/plugins/com.st.stm32cube.ide.mcu.externaltools.gnu-tools-for-stm32.11.3.rel1.win32_1.1.1.202309131626/tools/bin/../lib/gcc/arm-none-eabi/11.3.1/../../../../arm-none-eabi/lib/thumb/v7e-m+fp/hard\libc_nano.a(libc_a-fwalk.o)
                              C:/ST/STM32CubeIDE_1.13.2/STM32CubeIDE/plugins/com.st.stm32cube.ide.mcu.externaltools.gnu-tools-for-stm32.11.3.rel1.win32_1.1.1.202309131626/tools/bin/../lib/gcc/arm-none-eabi/11.3.1/../../../../arm-none-eabi/lib/thumb/v7e-m+fp/hard\libc_nano.a(libc_a-findfp.o) (_fwalk_sglue)
[...]
Memory Configuration

Name             Origin             Length             Attributes
RAM              0x0000000020000000 0x0000000000020000 xrw
FLASH            0x0000000008000000 0x0000000000080000 xr
*default*        0x0000000000000000 0xffffffffffffffff

Linker script and memory map

LOAD C:/ST/STM32CubeIDE_1.13.2/STM32CubeIDE/plugins/com.st.stm32cube.ide.mcu.externaltools.gnu-tools-for-stm32.11.3.rel1.win32_1.1.1.202309131626/tools/bin/../lib/gcc/arm-none-eabi/11.3.1/thumb/v7e-m+fp/hard/crti.o
LOAD C:/ST/STM32CubeIDE_1.13.2/STM32CubeIDE/plugins/com.st.stm32cube.ide.mcu.externaltools.gnu-tools-for-stm32.11.3.rel1.win32_1.1.1.202309131626/tools/bin/../lib/gcc/arm-none-eabi/11.3.1/thumb/v7e-m+fp/hard/crtbegin.o
LOAD C:/ST/STM32CubeIDE_1.13.2/STM32CubeIDE/plugins/com.st.stm32cube.ide.mcu.externaltools.gnu-tools-for-stm32.11.3.rel1.win32_1.1.1.202309131626/tools/bin/../lib/gcc/arm-none-eabi/11.3.1/../../../../arm-none-eabi/lib/thumb/v7e-m+fp/hard/crt0.o
LOAD ./Core/Src/MCP4725.o
LOAD ./Core/Src/PIDrestrictions.o
LOAD ./Core/Src/SwitchSpeed.o
LOAD ./Core/Src/ThrottleADC.o
LOAD ./Core/Src/acs758.o
LOAD ./Core/Src/adc.o
LOAD ./Core/Src/battery.o
LOAD ./Core/Src/buttons.o
LOAD ./Core/Src/ds18b20.o
LOAD ./Core/Src/gpio.o
LOAD ./Core/Src/gps_neo6.o
LOAD ./Core/Src/hall.o
LOAD ./Core/Src/i2c.o
LOAD ./Core/Src/lm35.o
LOAD ./Core/Src/main.o
LOAD ./Core/Src/ntc10k.o
LOAD ./Core/Src/onewire.o
LOAD ./Core/Src/page.o
LOAD ./Core/Src/pid.o
LOAD ./Core/Src/ssd1306.o
LOAD ./Core/Src/ssd1306_fonts.o
LOAD ./Core/Src/ssd1306_tests.o
LOAD ./Core/Src/stm32f4xx_hal_msp.o
LOAD ./Core/Src/stm32f4xx_it.o
LOAD ./Core/Src/syscalls.o
LOAD ./Core/Src/sysmem.o
LOAD ./Core/Src/system_stm32f4xx.o
LOAD ./Core/Src/tim.o
LOAD ./Core/Src/usart.o
LOAD ./Core/Startup/startup_stm32f411ceux.o
LOAD ./Drivers/STM32F4xx_HAL_Driver/Src/stm32f4xx_hal.o
LOAD ./Drivers/STM32F4xx_HAL_Driver/Src/stm32f4xx_hal_adc.o
LOAD ./Drivers/STM32F4xx_HAL_Driver/Src/stm32f4xx_hal_adc_ex.o
LOAD ./Drivers/STM32F4xx_HAL_Driver/Src/stm32f4xx_hal_cortex.o
LOAD ./Drivers/STM32F4xx_HAL_Driver/Src/stm32f4xx_hal_dma.o
LOAD ./Drivers/STM32F4xx_HAL_Driver/Src/stm32f4xx_hal_dma_ex.o
LOAD ./Drivers/STM32F4xx_HAL_Driver/Src/stm32f4xx_hal_exti.o
LOAD ./Drivers/STM32F4xx_HAL_Driver/Src/stm32f4xx_hal_flash.o
LOAD ./Drivers/STM32F4xx_HAL_Driver/Src/stm32f4xx_hal_flash_ex.o
LOAD ./Drivers/STM32F4xx_HAL_Driver/Src/stm32f4xx_hal_flash_ramfunc.o
LOAD ./Drivers/STM32F4xx_HAL_Driver/Src/stm32f4xx_hal_gpio.o
LOAD ./Drivers/STM32F4xx_HAL_Driver/Src/stm32f4xx_hal_i2c.o
LOAD ./Drivers/STM32F4xx_HAL_Driver/Src/stm32f4xx_hal_i2c_ex.o
LOAD ./Drivers/STM32F4xx_HAL_Driver/Src/stm32f4xx_hal_pwr.o
LOAD ./Drivers/STM32F4xx_HAL_Driver/Src/stm32f4xx_hal_pwr_ex.o
LOAD ./Drivers/STM32F4xx_HAL_Driver/Src/stm32f4xx_hal_rcc.o
LOAD ./Drivers/STM32F4xx_HAL_Driver/Src/stm32f4xx_hal_rcc_ex.o
LOAD ./Drivers/STM32F4xx_HAL_Driver/Src/stm32f4xx_hal_tim.o
LOAD ./Drivers/STM32F4xx_HAL_Driver/Src/stm32f4xx_hal_tim_ex.o
LOAD ./Drivers/STM32F4xx_HAL_Driver/Src/stm32f4xx_hal_uart.o
LOAD ./Drivers/STM32F4xx_HAL_Driver/Src/stm32f4xx_ll_adc.o
START GROUP
LOAD C:/ST/STM32CubeIDE_1.13.2/STM32CubeIDE/plugins/com.st.stm32cube.ide.mcu.externaltools.gnu-tools-for-stm32.11.3.rel1.win32_1.1.1.202309131626/tools/bin/../lib/gcc/arm-none-eabi/11.3.1/../../../../arm-none-eabi/lib/thumb/v7e-m+fp/hard\libc_nano.a
LOAD C:/ST/STM32CubeIDE_1.13.2/STM32CubeIDE/plugins/com.st.stm32cube.ide.mcu.externaltools.gnu-tools-for-stm32.11.3.rel1.win32_1.1.1.202309131626/tools/bin/../lib/gcc/arm-none-eabi/11.3.1/../../../../arm-none-eabi/lib/thumb/v7e-m+fp/hard\libm.a
END GROUP
START GROUP
LOAD C:/ST/STM32CubeIDE_1.13.2/STM32CubeIDE/plugins/com.st.stm32cube.ide.mcu.externaltools.gnu-tools-for-stm32.11.3.rel1.win32_1.1.1.202309131626/tools/bin/../lib/gcc/arm-none-eabi/11.3.1/thumb/v7e-m+fp/hard\libgcc.a
LOAD C:/ST/STM32CubeIDE_1.13.2/STM32CubeIDE/plugins/com.st.stm32cube.ide.mcu.externaltools.gnu-tools-for-stm32.11.3.rel1.win32_1.1.1.202309131626/tools/bin/../lib/gcc/arm-none-eabi/11.3.1/../../../../arm-none-eabi/lib/thumb/v7e-m+fp/hard\libc_nano.a
END GROUP
START GROUP
LOAD C:/ST/STM32CubeIDE_1.13.2/STM32CubeIDE/plugins/com.st.stm32cube.ide.mcu.externaltools.gnu-tools-for-stm32.11.3.rel1.win32_1.1.1.202309131626/tools/bin/../lib/gcc/arm-none-eabi/11.3.1/thumb/v7e-m+fp/hard\libgcc.a
LOAD C:/ST/STM32CubeIDE_1.13.2/STM32CubeIDE/plugins/com.st.stm32cube.ide.mcu.externaltools.gnu-tools-for-stm32.11.3.rel1.win32_1.1.1.202309131626/tools/bin/../lib/gcc/arm-none-eabi/11.3.1/../../../../arm-none-eabi/lib/thumb/v7e-m+fp/hard\libc_nano.a
LOAD C:/ST/STM32CubeIDE_1.13.2/STM32CubeIDE/plugins/com.st.stm32cube.ide.mcu.externaltools.gnu-tools-for-stm32.11.3.rel1.win32_1.1.1.202309131626/tools/bin/../lib/gcc/arm-none-eabi/11.3.1/../../../../arm-none-eabi/lib/thumb/v7e-m+fp/hard\libnosys.a
END GROUP
START GROUP
LOAD C:/ST/STM32CubeIDE_1.13.2/STM32CubeIDE/plugins/com.st.stm32cube.ide.mcu.externaltools.gnu-tools-for-stm32.11.3.rel1.win32_1.1.1.202309131626/tools/bin/../lib/gcc/arm-none-eabi/11.3.1/thumb/v7e-m+fp/hard\libgcc.a
LOAD C:/ST/STM32CubeIDE_1.13.2/STM32CubeIDE/plugins/com.st.stm32cube.ide.mcu.externaltools.gnu-tools-for-stm32.11.3.rel1.win32_1.1.1.202309131626/tools/bin/../lib/gcc/arm-none-eabi/11.3.1/../../../../arm-none-eabi/lib/thumb/v7e-m+fp/hard\libc_nano.a
LOAD C:/ST/STM32CubeIDE_1.13.2/STM32CubeIDE/plugins/com.st.stm32cube.ide.mcu.externaltools.gnu-tools-for-stm32.11.3.rel1.win32_1.1.1.202309131626/tools/bin/../lib/gcc/arm-none-eabi/11.3.1/../../../../arm-none-eabi/lib/thumb/v7e-m+fp/hard\libnosys.a
END GROUP
LOAD C:/ST/STM32CubeIDE_1.13.2/STM32CubeIDE/plugins/com.st.stm32cube.ide.mcu.externaltools.gnu-tools-for-stm32.11.3.rel1.win32_1.1.1.202309131626/tools/bin/../lib/gcc/arm-none-eabi/11.3.1/thumb/v7e-m+fp/hard/crtend.o
LOAD C:/ST/STM32CubeIDE_1.13.2/STM32CubeIDE/plugins/com.st.stm32cube.ide.mcu.externaltools.gnu-tools-for-stm32.11.3.rel1.win32_1.1.1.202309131626/tools/bin/../lib/gcc/arm-none-eabi/11.3.1/thumb/v7e-m+fp/hard/crtn.o
                0x0000000020020000                _estack = (ORIGIN (RAM) + LENGTH (RAM))
                0x0000000000000200                _Min_Heap_Size = 0x200
                0x0000000000000400                _Min_Stack_Size = 0x400

.isr_vector     0x0000000008000000      0x198
                0x0000000008000000                . = ALIGN (0x4)
 *(.isr_vector)
 .isr_vector    0x0000000008000000      0x198 ./Core/Startup/startup_stm32f411ceux.o
                0x0000000008000000                g_pfnVectors
                0x0000000008000198                . = ALIGN (0x4)

.text           0x00000000080001a0     0xeeac
                0x00000000080001a0                . = ALIGN (0x4)
 *(.text)
 .text          0x00000000080001a0       0x40 C:/ST/STM32CubeIDE_1.13.2/STM32CubeIDE/plugins/com.st.stm32cube.ide.mcu.externaltools.gnu-tools-for-stm32.11.3.rel1.win32_1.1.1.202309131626/tools/bin/../lib/gcc/arm-none-eabi/11.3.1/thumb/v7e-m+fp/hard/crtbegin.o
 .text          0x00000000080001e0       0x14 C:/ST/STM32CubeIDE_1.13.2/STM32CubeIDE/plugins/com.st.stm32cube.ide.mcu.externaltools.gnu-tools-for-stm32.11.3.rel1.win32_1.1.1.202309131626/tools/bin/../lib/gcc/arm-none-eabi/11.3.1/../../../../arm-none-eabi/lib/thumb/v7e-m+fp/hard\libc_nano.a(libc_a-strcmp.o)
                0x00000000080001e0                strcmp
 *fill*         0x00000000080001f4        0xc 
 .text          0x0000000008000200       0xa0 C:/ST/STM32CubeIDE_1.13.2/STM32CubeIDE/plugins/com.st.stm32cube.ide.mcu.externaltools.gnu-tools-for-stm32.11.3.rel1.win32_1.1.1.202309131626/tools/bin/../lib/gcc/arm-none-eabi/11.3.1/../../../../arm-none-eabi/lib/thumb/v7e-m+fp/hard\libc_nano.a(libc_a-memchr.o)
                0x0000000008000200                memchr
 .text          0x00000000080002a0       0x10 C:/ST/STM32CubeIDE_1.13.2/STM32CubeIDE/plugins/com.st.stm32cube.ide.mcu.externaltools.gnu-tools-for-stm32.11.3.rel1.win32_1.1.1.202309131626/tools/bin/../lib/gcc/arm-none-eabi/11.3.1/../../../../arm-none-eabi/lib/thumb/v7e-m+fp/hard\libc_nano.a(libc_a-strlen.o)
                0x00000000080002a0                strlen
 .text          0x00000000080002b0      0x378 C:/ST/STM32CubeIDE_1.13.2/STM32CubeIDE/plugins/com.st.stm32cube.ide.mcu.externaltools.gnu-tools-for-stm32.11.3.rel1.win32_1.1.1.202309131626/tools/bin/../lib/gcc/arm-none-eabi/11.3.1/thumb/v7e-m+fp/hard\libgcc.a(_arm_addsubdf3.o)
                0x00000000080002b0                __aeabi_drsub
                0x00000000080002b8                __aeabi_dsub
                0x00000000080002b8                __subdf3
                0x00000000080002bc                __aeabi_dadd
                0x00000000080002bc                __adddf3
                0x0000000008000534                __floatunsidf
                0x0000000008000534                __aeabi_ui2d
                0x0000000008000554                __floatsidf
                0x0000000008000554                __aeabi_i2d
                0x0000000008000578                __aeabi_f2d
                0x0000000008000578                __extendsfdf2
                0x00000000080005bc                __floatundidf
                0x00000000080005bc                __aeabi_ul2d
                0x00000000080005cc                __floatdidf
                0x00000000080005cc                __aeabi_l2d
 .text          0x0000000008000628      0x424 C:/ST/STM32CubeIDE_1.13.2/STM32CubeIDE/plugins/com.st.stm32cube.ide.mcu.externaltools.gnu-tools-for-stm32.11.3.rel1.win32_1.1.1.202309131626/tools/bin/../lib/gcc/arm-none-eabi/11.3.1/thumb/v7e-m+fp/hard\libgcc.a(_arm_muldivdf3.o)
                0x0000000008000628                __aeabi_dmul
                0x0000000008000628                __muldf3
                0x000000000800087c                __divdf3
                0x000000000800087c                __aeabi_ddiv
 .text          0x0000000008000a4c      0x110 C:/ST/STM32CubeIDE_1.13.2/STM32CubeIDE/plugins/com.st.stm32cube.ide.mcu.externaltools.gnu-tools-for-stm32.11.3.rel1.win32_1.1.1.202309131626/tools/bin/../lib/gcc/arm-none-eabi/11.3.1/thumb/v7e-m+fp/hard\libgcc.a(_arm_cmpdf2.o)
                0x0000000008000a4c                __gtdf2
                0x0000000008000a4c                __gedf2
                0x0000000008000a54                __ltdf2
                0x0000000008000a54                __ledf2
                0x0000000008000a5c                __nedf2
                0x0000000008000a5c                __eqdf2
                0x0000000008000a5c                __cmpdf2
                0x0000000008000ad8                __aeabi_cdrcmple
                0x0000000008000ae8                __aeabi_cdcmpeq
                0x0000000008000ae8                __aeabi_cdcmple
                0x0000000008000af8                __aeabi_dcmpeq
                0x0000000008000b0c                __aeabi_dcmplt
                0x0000000008000b20                __aeabi_dcmple
                0x0000000008000b34                __aeabi_dcmpge
                0x0000000008000b48                __aeabi_dcmpgt
 .text          0x0000000008000b5c       0x2c C:/ST/STM32CubeIDE_1.13.2/STM32CubeIDE/plugins/com.st.stm32cube.ide.mcu.externaltools.gnu-tools-for-stm32.11.3.rel1.win32_1.1.1.202309131626/tools/bin/../lib/gcc/arm-none-eabi/11.3.1/thumb/v7e-m+fp/hard\libgcc.a(_arm_unorddf2.o)
                0x0000000008000b5c                __unorddf2
                0x0000000008000b5c                __aeabi_dcmpun
 .text          0x0000000008000b88       0x50 C:/ST/STM32CubeIDE_1.13.2/STM32CubeIDE/plugins/com.st.stm32cube.ide.mcu.externaltools.gnu-tools-for-stm32.11.3.rel1.win32_1.1.1.202309131626/tools/bin/../lib/gcc/arm-none-eabi/11.3.1/thumb/v7e-m+fp/hard\libgcc.a(_arm_fixdfsi.o)
                0x0000000008000b88                __aeabi_d2iz
                0x0000000008000b88                __fixdfsi
 .text          0x0000000008000bd8       0x40 C:/ST/STM32CubeIDE_1.13.2/STM32CubeIDE/plugins/com.st.stm32cube.ide.mcu.externaltools.gnu-tools-for-stm32.11.3.rel1.win32_1.1.1.202309131626/tools/bin/../lib/gcc/arm-none-eabi/11.3.1/thumb/v7e-m+fp/hard\libgcc.a(_arm_fixunsdfsi.o)
                0x0000000008000bd8                __aeabi_d2uiz
                0x0000000008000bd8                __fixunsdfsi
 .text          0x0000000008000c18       0xa0 C:/ST/STM32CubeIDE_1.13.2/STM32CubeIDE/plugins/com.st.stm32cube.ide.mcu.externaltools.gnu-tools-for-stm32.11.3.rel1.win32_1.1.1.202309131626/tools/bin/../lib/gcc/arm-none-eabi/11.3.1/thumb/v7e-m+fp/hard\libgcc.a(_arm_truncdfsf2.o)
                0x0000000008000c18                __truncdfsf2
                0x0000000008000c18                __aeabi_d2f
 .text          0x0000000008000cb8       0x30 C:/ST/STM32CubeIDE_1.13.2/STM32CubeIDE/plugins/com.st.stm32cube.ide.mcu.externaltools.gnu-tools-for-stm32.11.3.rel1.win32_1.1.1.202309131626/tools/bin/../lib/gcc/arm-none-eabi/11.3.1/thumb/v7e-m+fp/hard\libgcc.a(_aeabi_uldivmod.o)
                0x0000000008000cb8                __aeabi_uldivmod
 .text          0x0000000008000ce8       0x30 C:/ST/STM32CubeIDE_1.13.2/STM32CubeIDE/plugins/com.st.stm32cube.ide.mcu.externaltools.gnu-tools-for-stm32.11.3.rel1.win32_1.1.1.202309131626/tools/bin/../lib/gcc/arm-none-eabi/11.3.1/thumb/v7e-m+fp/hard\libgcc.a(_fixdfdi.o)
                0x0000000008000ce8                __fixdfdi
                0x0000000008000ce8                __aeabi_d2lz
 .text          0x0000000008000d18       0x3c C:/ST/STM32CubeIDE_1.13.2/STM32CubeIDE/plugins/com.st.stm32cube.ide.mcu.externaltools.gnu-tools-for-stm32.11.3.rel1.win32_1.1.1.202309131626/tools/bin/../lib/gcc/arm-none-eabi/11.3.1/thumb/v7e-m+fp/hard\libgcc.a(_fixunsdfdi.o)
                0x0000000008000d18                __fixunsdfdi
                0x0000000008000d18                __aeabi_d2ulz
 .text          0x0000000008000d54      0x2c8 C:/ST/STM32CubeIDE_1.13.2/STM32CubeIDE/plugins/com.st.stm32cube.ide.mcu.externaltools.gnu-tools-for-stm32.11.3.rel1.win32_1.1.1.202309131626/tools/bin/../lib/gcc/arm-none-eabi/11.3.1/thumb/v7e-m+fp/hard\libgcc.a(_udivmoddi4.o)
                0x0000000008000d54                __udivmoddi4
 .text          0x000000000800101c        0x4 C:/ST/STM32CubeIDE_1.13.2/STM32CubeIDE/plugins/com.st.stm32cube.ide.mcu.externaltools.gnu-tools-for-stm32.11.3.rel1.win32_1.1.1.202309131626/tools/bin/../lib/gcc/arm-none-eabi/11.3.1/thumb/v7e-m+fp/hard\libgcc.a(_dvmd_tls.o)
                0x000000000800101c                __aeabi_idiv0
                0x000000000800101c                __aeabi_ldiv0
 *(.text*)
 .text.MCP4725_init
                0x0000000008001020       0x42 ./Core/Src/MCP4725.o
                0x0000000008001020                MCP4725_init
 .text.MCP4725_isConnected
                0x0000000008001062       0x2e ./Core/Src/MCP4725.o
                0x0000000008001062                MCP4725_isConnected
 .text.MCP4725_setReferenceVoltage
                0x0000000008001090       0x58 ./Core/Src/MCP4725.o
                0x0000000008001090                MCP4725_setReferenceVoltage
 .text.MCP4725_setVoltage
                0x00000000080010e8       0x4c ./Core/Src/MCP4725.o
                0x00000000080010e8                MCP4725_setVoltage
 .text.MCP4725_getEepromBusyFlag
                0x0000000008001134       0x3a ./Core/Src/MCP4725.o
                0x0000000008001134                MCP4725_getEepromBusyFlag
 .text.MCP4725_writeComand
                0x000000000800116e      0x100 ./Core/Src/MCP4725.o
                0x000000000800116e                MCP4725_writeComand
 .text.MCP4725_readRegister
                0x000000000800126e       0xde ./Core/Src/MCP4725.o
                0x000000000800126e                MCP4725_readRegister
 *fill*         0x000000000800134c        0x4 
 .text.HAL_GPIO_EXTI_Callback
                0x0000000008001350       0xec ./Core/Src/SwitchSpeed.o
                0x0000000008001350                HAL_GPIO_EXTI_Callback
 .text.Throttle_Get_ADC_Value
                0x000000000800143c       0x38 ./Core/Src/ThrottleADC.o
                0x000000000800143c                Throttle_Get_ADC_Value
 *fill*         0x0000000008001474        0x4 
 .text.Throttle_Get_Voltage
                0x0000000008001478       0x90 ./Core/Src/ThrottleADC.o
                0x0000000008001478                Throttle_Get_Voltage
 .text.Throttle_Get_Average_Voltage
                0x0000000008001508       0x60 ./Core/Src/ThrottleADC.o
                0x0000000008001508                Throttle_Get_Average_Voltage
 .text.Throttle_Control_PWM
                0x0000000008001568       0xd4 ./Core/Src/ThrottleADC.o
                0x0000000008001568                Throttle_Control_PWM
 *fill*         0x000000000800163c        0x4 
 .text.ACS7XX_Init_Default
                0x0000000008001640       0x60 ./Core/Src/acs758.o
                0x0000000008001640                ACS7XX_Init_Default
 .text.ACS7XX_Calibrate
                0x00000000080016a0       0x70 ./Core/Src/acs758.o
                0x00000000080016a0                ACS7XX_Calibrate
 .text.ACS7XX_InstantCurrent
                0x0000000008001710      0x130 ./Core/Src/acs758.o
                0x0000000008001710                ACS7XX_InstantCurrent
 .text.ACS7XX_ResetCounters
                0x0000000008001840       0x22 ./Core/Src/acs758.o
                0x0000000008001840                ACS7XX_ResetCounters
 *fill*         0x0000000008001862        0x2 
 .text.Power_Calculate
                0x0000000008001864       0x98 ./Core/Src/acs758.o
                0x0000000008001864                Power_Calculate
 .text.ADC_Select_CH3
                0x00000000080018fc       0x40 ./Core/Src/adc.o
                0x00000000080018fc                ADC_Select_CH3
 .text.ADC_Select_CH4
                0x000000000800193c       0x40 ./Core/Src/adc.o
                0x000000000800193c                ADC_Select_CH4
 .text.ADC_Select_CH5
                0x000000000800197c       0x40 ./Core/Src/adc.o
                0x000000000800197c                ADC_Select_CH5
 .text.ADC_Select_CH8
                0x00000000080019bc       0x40 ./Core/Src/adc.o
                0x00000000080019bc                ADC_Select_CH8
 .text.ADC_Select_CH9
                0x00000000080019fc       0x40 ./Core/Src/adc.o
                0x00000000080019fc                ADC_Select_CH9
 .text.MX_ADC1_Init
                0x0000000008001a3c      0x114 ./Core/Src/adc.o
                0x0000000008001a3c                MX_ADC1_Init
 .text.HAL_ADC_MspInit
                0x0000000008001b50       0xc0 ./Core/Src/adc.o
                0x0000000008001b50                HAL_ADC_MspInit
 .text.Battery_Get_ADC_Value
                0x0000000008001c10       0x38 ./Core/Src/battery.o
                0x0000000008001c10                Battery_Get_ADC_Value
 .text.Battery_Get_Voltage
                0x0000000008001c48      0x114 ./Core/Src/battery.o
                0x0000000008001c48                Battery_Get_Voltage
 .text.Button_IsPressed
                0x0000000008001d5c       0x2c ./Core/Src/buttons.o
                0x0000000008001d5c                Button_IsPressed
 .text.Button_Init
                0x0000000008001d88       0x40 ./Core/Src/buttons.o
                0x0000000008001d88                Button_Init
 .text.DS18B20_StartAll
                0x0000000008001dc8       0x24 ./Core/Src/ds18b20.o
                0x0000000008001dc8                DS18B20_StartAll
 .text.DS18B20_Read
                0x0000000008001dec      0x164 ./Core/Src/ds18b20.o
                0x0000000008001dec                DS18B20_Read
 .text.DS18B20_SetResolution
                0x0000000008001f50      0x14c ./Core/Src/ds18b20.o
                0x0000000008001f50                DS18B20_SetResolution
 .text.DS18B20_Is
                0x000000000800209c       0x22 ./Core/Src/ds18b20.o
                0x000000000800209c                DS18B20_Is
 *fill*         0x00000000080020be        0x2 
 .text.DS18B20_AllDone
                0x00000000080020c0       0x14 ./Core/Src/ds18b20.o
                0x00000000080020c0                DS18B20_AllDone
 .text.DS18B20_ReadAll
                0x00000000080020d4       0x80 ./Core/Src/ds18b20.o
                0x00000000080020d4                DS18B20_ReadAll
 .text.DS18B20_GetROM
                0x0000000008002154       0x5c ./Core/Src/ds18b20.o
                0x0000000008002154                DS18B20_GetROM
 .text.DS18B20_Quantity
                0x00000000080021b0       0x18 ./Core/Src/ds18b20.o
                0x00000000080021b0                DS18B20_Quantity
 .text.DS18B20_GetTemperature
                0x00000000080021c8       0x44 ./Core/Src/ds18b20.o
                0x00000000080021c8                DS18B20_GetTemperature
 .text.DS18B20_Init
                0x000000000800220c       0xa4 ./Core/Src/ds18b20.o
                0x000000000800220c                DS18B20_Init
 .text.MX_GPIO_Init
                0x00000000080022b0      0x128 ./Core/Src/gpio.o
                0x00000000080022b0                MX_GPIO_Init
 .text.strtoke  0x00000000080023d8       0x64 ./Core/Src/gps_neo6.o
                0x00000000080023d8                strtoke
 .text.NEO6_ReceiveUartChar
                0x000000000800243c       0xa4 ./Core/Src/gps_neo6.o
                0x000000000800243c                NEO6_ReceiveUartChar
 .text.NEO6_GetCharFromBuffer
                0x00000000080024e0       0x52 ./Core/Src/gps_neo6.o
                0x00000000080024e0                NEO6_GetCharFromBuffer
 .text.NEO6_GetLineFromBuffer
                0x0000000008002532       0x62 ./Core/Src/gps_neo6.o
                0x0000000008002532                NEO6_GetLineFromBuffer
 .text.NEO6_ParseGPRMC
                0x0000000008002594      0x294 ./Core/Src/gps_neo6.o
                0x0000000008002594                NEO6_ParseGPRMC
 .text.NEO6_ParseGPVTG
                0x0000000008002828       0x94 ./Core/Src/gps_neo6.o
                0x0000000008002828                NEO6_ParseGPVTG
 .text.NEO6_ParseGPGGA
                0x00000000080028bc      0x1bc ./Core/Src/gps_neo6.o
                0x00000000080028bc                NEO6_ParseGPGGA
 .text.NEO6_ParseGPGSA
                0x0000000008002a78       0xd0 ./Core/Src/gps_neo6.o
                0x0000000008002a78                NEO6_ParseGPGSA
 .text.NEO6_ParseLine
                0x0000000008002b48       0x8c ./Core/Src/gps_neo6.o
                0x0000000008002b48                NEO6_ParseLine
 .text.NEO6_IsFix
                0x0000000008002bd4       0x1a ./Core/Src/gps_neo6.o
                0x0000000008002bd4                NEO6_IsFix
 .text.NEO6_Task
                0x0000000008002bee       0x26 ./Core/Src/gps_neo6.o
                0x0000000008002bee                NEO6_Task
 .text.NEO6_Init
                0x0000000008002c14      0x120 ./Core/Src/gps_neo6.o
                0x0000000008002c14                NEO6_Init
 .text.HAL_TIM_IC_START
                0x0000000008002d34       0x1c ./Core/Src/hall.o
                0x0000000008002d34                HAL_TIM_IC_START
 .text.HAL_TIM_IC_CaptureCallback
                0x0000000008002d50      0x23c ./Core/Src/hall.o
                0x0000000008002d50                HAL_TIM_IC_CaptureCallback
 .text.MX_I2C1_Init
                0x0000000008002f8c       0x5c ./Core/Src/i2c.o
                0x0000000008002f8c                MX_I2C1_Init
 .text.MX_I2C2_Init
                0x0000000008002fe8       0x5c ./Core/Src/i2c.o
                0x0000000008002fe8                MX_I2C2_Init
 .text.HAL_I2C_MspInit
                0x0000000008003044      0x118 ./Core/Src/i2c.o
                0x0000000008003044                HAL_I2C_MspInit
 .text.LM35_Get_Value
                0x000000000800315c       0x38 ./Core/Src/lm35.o
                0x000000000800315c                LM35_Get_Value
 .text.LM35_Get_Temperature
                0x0000000008003194       0xc4 ./Core/Src/lm35.o
                0x0000000008003194                LM35_Get_Temperature
 .text.main     0x0000000008003258      0x4dc ./Core/Src/main.o
                0x0000000008003258                main
 .text.SystemClock_Config
                0x0000000008003734       0xd0 ./Core/Src/main.o
                0x0000000008003734                SystemClock_Config
 .text.renderPage1
                0x0000000008003804      0x324 ./Core/Src/main.o
                0x0000000008003804                renderPage1
 .text.renderPage2
                0x0000000008003b28      0x1bc ./Core/Src/main.o
                0x0000000008003b28                renderPage2
 .text.renderPage3
                0x0000000008003ce4      0x168 ./Core/Src/main.o
                0x0000000008003ce4                renderPage3
 .text.renderPage4
                0x0000000008003e4c       0x8c ./Core/Src/main.o
                0x0000000008003e4c                renderPage4
 .text.HAL_UART_RxCpltCallback
                0x0000000008003ed8       0x24 ./Core/Src/main.o
                0x0000000008003ed8                HAL_UART_RxCpltCallback
 .text.Error_Handler
                0x0000000008003efc        0xa ./Core/Src/main.o
                0x0000000008003efc                Error_Handler
 *fill*         0x0000000008003f06        0x2 
 .text.NTC10K_ADC_Read
                0x0000000008003f08       0x3c ./Core/Src/ntc10k.o
                0x0000000008003f08                NTC10K_ADC_Read
 *fill*         0x0000000008003f44        0x4 
 .text.NTC10K_Get_Temp
                0x0000000008003f48      0x1ec ./Core/Src/ntc10k.o
                0x0000000008003f48                NTC10K_Get_Temp
 .text.OneWire_Delay
                0x0000000008004134       0x34 ./Core/Src/onewire.o
                0x0000000008004134                OneWire_Delay
 .text.OneWire_BusInputDirection
                0x0000000008004168       0x32 ./Core/Src/onewire.o
                0x0000000008004168                OneWire_BusInputDirection
 .text.OneWire_BusOutputDirection
                0x000000000800419a       0x32 ./Core/Src/onewire.o
                0x000000000800419a                OneWire_BusOutputDirection
 .text.OneWire_OutputLow
                0x00000000080041cc       0x20 ./Core/Src/onewire.o
                0x00000000080041cc                OneWire_OutputLow
 .text.OneWire_OutputHigh
                0x00000000080041ec       0x1e ./Core/Src/onewire.o
                0x00000000080041ec                OneWire_OutputHigh
 .text.OneWire_Reset
                0x000000000800420a       0x4e ./Core/Src/onewire.o
                0x000000000800420a                OneWire_Reset
 .text.OneWire_WriteBit
                0x0000000008004258       0x58 ./Core/Src/onewire.o
                0x0000000008004258                OneWire_WriteBit
 .text.OneWire_ReadBit
                0x00000000080042b0       0x54 ./Core/Src/onewire.o
                0x00000000080042b0                OneWire_ReadBit
 .text.OneWire_WriteByte
                0x0000000008004304       0x3c ./Core/Src/onewire.o
                0x0000000008004304                OneWire_WriteByte
 .text.OneWire_ReadByte
                0x0000000008004340       0x42 ./Core/Src/onewire.o
                0x0000000008004340                OneWire_ReadByte
 .text.OneWire_ResetSearch
                0x0000000008004382       0x26 ./Core/Src/onewire.o
                0x0000000008004382                OneWire_ResetSearch
 .text.OneWire_Search
                0x00000000080043a8      0x18c ./Core/Src/onewire.o
                0x00000000080043a8                OneWire_Search
 .text.OneWire_First
                0x0000000008004534       0x20 ./Core/Src/onewire.o
                0x0000000008004534                OneWire_First
 .text.OneWire_Next
                0x0000000008004554       0x1a ./Core/Src/onewire.o
                0x0000000008004554                OneWire_Next
 .text.OneWire_SelectWithPointer
                0x000000000800456e       0x3e ./Core/Src/onewire.o
                0x000000000800456e                OneWire_SelectWithPointer
 .text.OneWire_GetFullROM
                0x00000000080045ac       0x3a ./Core/Src/onewire.o
                0x00000000080045ac                OneWire_GetFullROM
 *fill*         0x00000000080045e6        0x2 
 .text.OneWire_Init
                0x00000000080045e8       0x58 ./Core/Src/onewire.o
                0x00000000080045e8                OneWire_Init
 .text.ssd1306_Reset
                0x0000000008004640        0xe ./Core/Src/ssd1306.o
                0x0000000008004640                ssd1306_Reset
 *fill*         0x000000000800464e        0x2 
 .text.ssd1306_WriteCommand
                0x0000000008004650       0x30 ./Core/Src/ssd1306.o
                0x0000000008004650                ssd1306_WriteCommand
 .text.ssd1306_WriteData
                0x0000000008004680       0x34 ./Core/Src/ssd1306.o
                0x0000000008004680                ssd1306_WriteData
 .text.ssd1306_Init
                0x00000000080046b4       0xd4 ./Core/Src/ssd1306.o
                0x00000000080046b4                ssd1306_Init
 .text.ssd1306_Fill
                0x0000000008004788       0x30 ./Core/Src/ssd1306.o
                0x0000000008004788                ssd1306_Fill
 .text.ssd1306_UpdateScreen
                0x00000000080047b8       0x50 ./Core/Src/ssd1306.o
                0x00000000080047b8                ssd1306_UpdateScreen
 .text.ssd1306_DrawPixel
                0x0000000008004808       0xa8 ./Core/Src/ssd1306.o
                0x0000000008004808                ssd1306_DrawPixel
 .text.ssd1306_WriteChar
                0x00000000080048b0      0x110 ./Core/Src/ssd1306.o
                0x00000000080048b0                ssd1306_WriteChar
 .text.ssd1306_WriteString
                0x00000000080049c0       0x4c ./Core/Src/ssd1306.o
                0x00000000080049c0                ssd1306_WriteString
 .text.ssd1306_SetCursor
                0x0000000008004a0c       0x30 ./Core/Src/ssd1306.o
                0x0000000008004a0c                ssd1306_SetCursor
 .text.ssd1306_Line
                0x0000000008004a3c       0xd8 ./Core/Src/ssd1306.o
                0x0000000008004a3c                ssd1306_Line
 .text.ssd1306_DrawRectangle
                0x0000000008004b14       0x6e ./Core/Src/ssd1306.o
                0x0000000008004b14                ssd1306_DrawRectangle
 .text.ssd1306_FillRectangle
                0x0000000008004b82       0x9c ./Core/Src/ssd1306.o
                0x0000000008004b82                ssd1306_FillRectangle
 .text.ssd1306_SetContrast
                0x0000000008004c1e       0x26 ./Core/Src/ssd1306.o
                0x0000000008004c1e                ssd1306_SetContrast
 .text.ssd1306_SetDisplayOn
                0x0000000008004c44       0x3c ./Core/Src/ssd1306.o
                0x0000000008004c44                ssd1306_SetDisplayOn
 .text.HAL_MspInit
                0x0000000008004c80       0x50 ./Core/Src/stm32f4xx_hal_msp.o
                0x0000000008004c80                HAL_MspInit
 .text.NMI_Handler
                0x0000000008004cd0        0x6 ./Core/Src/stm32f4xx_it.o
                0x0000000008004cd0                NMI_Handler
 .text.HardFault_Handler
                0x0000000008004cd6        0x6 ./Core/Src/stm32f4xx_it.o
                0x0000000008004cd6                HardFault_Handler
 .text.MemManage_Handler
                0x0000000008004cdc        0x6 ./Core/Src/stm32f4xx_it.o
                0x0000000008004cdc                MemManage_Handler
 .text.BusFault_Handler
                0x0000000008004ce2        0x6 ./Core/Src/stm32f4xx_it.o
                0x0000000008004ce2                BusFault_Handler
 .text.UsageFault_Handler
                0x0000000008004ce8        0x6 ./Core/Src/stm32f4xx_it.o
                0x0000000008004ce8                UsageFault_Handler
 .text.SVC_Handler
                0x0000000008004cee        0xe ./Core/Src/stm32f4xx_it.o
                0x0000000008004cee                SVC_Handler
 .text.DebugMon_Handler
                0x0000000008004cfc        0xe ./Core/Src/stm32f4xx_it.o
                0x0000000008004cfc                DebugMon_Handler
 .text.PendSV_Handler
                0x0000000008004d0a        0xe ./Core/Src/stm32f4xx_it.o
                0x0000000008004d0a                PendSV_Handler
 .text.SysTick_Handler
                0x0000000008004d18        0xc ./Core/Src/stm32f4xx_it.o
                0x0000000008004d18                SysTick_Handler
 .text.EXTI0_IRQHandler
                0x0000000008004d24        0xe ./Core/Src/stm32f4xx_it.o
                0x0000000008004d24                EXTI0_IRQHandler
 *fill*         0x0000000008004d32        0x2 
 .text.TIM1_BRK_TIM9_IRQHandler
                0x0000000008004d34       0x14 ./Core/Src/stm32f4xx_it.o
                0x0000000008004d34                TIM1_BRK_TIM9_IRQHandler
 .text.TIM2_IRQHandler
                0x0000000008004d48       0x14 ./Core/Src/stm32f4xx_it.o
                0x0000000008004d48                TIM2_IRQHandler
 .text.TIM4_IRQHandler
                0x0000000008004d5c       0x14 ./Core/Src/stm32f4xx_it.o
                0x0000000008004d5c                TIM4_IRQHandler
 .text.USART1_IRQHandler
                0x0000000008004d70       0x14 ./Core/Src/stm32f4xx_it.o
                0x0000000008004d70                USART1_IRQHandler
 .text._getpid  0x0000000008004d84       0x10 ./Core/Src/syscalls.o
                0x0000000008004d84                _getpid
 .text._kill    0x0000000008004d94       0x20 ./Core/Src/syscalls.o
                0x0000000008004d94                _kill
 .text._exit    0x0000000008004db4       0x14 ./Core/Src/syscalls.o
                0x0000000008004db4                _exit
 .text._read    0x0000000008004dc8       0x3a ./Core/Src/syscalls.o
                0x0000000008004dc8                _read
 .text._write   0x0000000008004e02       0x38 ./Core/Src/syscalls.o
                0x0000000008004e02                _write
 .text._close   0x0000000008004e3a       0x18 ./Core/Src/syscalls.o
                0x0000000008004e3a                _close
 .text._fstat   0x0000000008004e52       0x20 ./Core/Src/syscalls.o
                0x0000000008004e52                _fstat
 .text._isatty  0x0000000008004e72       0x16 ./Core/Src/syscalls.o
                0x0000000008004e72                _isatty
 .text._lseek   0x0000000008004e88       0x1a ./Core/Src/syscalls.o
                0x0000000008004e88                _lseek
 *fill*         0x0000000008004ea2        0x2 
 .text._sbrk    0x0000000008004ea4       0x6c ./Core/Src/sysmem.o
                0x0000000008004ea4                _sbrk
 .text.SystemInit
                0x0000000008004f10       0x24 ./Core/Src/system_stm32f4xx.o
                0x0000000008004f10                SystemInit
 .text.MX_TIM1_Init
                0x0000000008004f34       0xa0 ./Core/Src/tim.o
                0x0000000008004f34                MX_TIM1_Init
 .text.MX_TIM2_Init
                0x0000000008004fd4      0x100 ./Core/Src/tim.o
                0x0000000008004fd4                MX_TIM2_Init
 .text.MX_TIM3_Init
                0x00000000080050d4       0xb0 ./Core/Src/tim.o
                0x00000000080050d4                MX_TIM3_Init
 .text.MX_TIM4_Init
                0x0000000008005184       0x9c ./Core/Src/tim.o
                0x0000000008005184                MX_TIM4_Init
 .text.HAL_TIM_Base_MspInit
                0x0000000008005220      0x114 ./Core/Src/tim.o
                0x0000000008005220                HAL_TIM_Base_MspInit
 .text.HAL_TIM_PWM_MspInit
                0x0000000008005334       0x44 ./Core/Src/tim.o
                0x0000000008005334                HAL_TIM_PWM_MspInit
 .text.HAL_TIM_MspPostInit
                0x0000000008005378       0x74 ./Core/Src/tim.o
                0x0000000008005378                HAL_TIM_MspPostInit
 .text.MX_USART1_UART_Init
                0x00000000080053ec       0x54 ./Core/Src/usart.o
                0x00000000080053ec                MX_USART1_UART_Init
 .text.HAL_UART_MspInit
                0x0000000008005440       0xa0 ./Core/Src/usart.o
                0x0000000008005440                HAL_UART_MspInit
 .text.Reset_Handler
                0x00000000080054e0       0x50 ./Core/Startup/startup_stm32f411ceux.o
                0x00000000080054e0                Reset_Handler
 .text.Default_Handler
                0x0000000008005530        0x2 ./Core/Startup/startup_stm32f411ceux.o
                0x0000000008005530                RTC_Alarm_IRQHandler
                0x0000000008005530                EXTI2_IRQHandler
                0x0000000008005530                SPI4_IRQHandler
                0x0000000008005530                TIM1_CC_IRQHandler
                0x0000000008005530                DMA2_Stream5_IRQHandler
                0x0000000008005530                DMA1_Stream5_IRQHandler
                0x0000000008005530                PVD_IRQHandler
                0x0000000008005530                SDIO_IRQHandler
                0x0000000008005530                TAMP_STAMP_IRQHandler
                0x0000000008005530                EXTI3_IRQHandler
                0x0000000008005530                TIM1_UP_TIM10_IRQHandler
                0x0000000008005530                I2C3_ER_IRQHandler
                0x0000000008005530                I2C2_EV_IRQHandler
                0x0000000008005530                DMA1_Stream2_IRQHandler
                0x0000000008005530                FPU_IRQHandler
                0x0000000008005530                DMA2_Stream2_IRQHandler
                0x0000000008005530                SPI1_IRQHandler
                0x0000000008005530                DMA2_Stream3_IRQHandler
                0x0000000008005530                USART6_IRQHandler
                0x0000000008005530                DMA2_Stream0_IRQHandler
                0x0000000008005530                I2C1_EV_IRQHandler
                0x0000000008005530                DMA1_Stream6_IRQHandler
                0x0000000008005530                DMA1_Stream1_IRQHandler
                0x0000000008005530                TIM3_IRQHandler
                0x0000000008005530                RCC_IRQHandler
                0x0000000008005530                Default_Handler
                0x0000000008005530                EXTI15_10_IRQHandler
                0x0000000008005530                ADC_IRQHandler
                0x0000000008005530                DMA1_Stream7_IRQHandler
                0x0000000008005530                SPI5_IRQHandler
                0x0000000008005530                TIM5_IRQHandler
                0x0000000008005530                DMA2_Stream7_IRQHandler
                0x0000000008005530                I2C3_EV_IRQHandler
                0x0000000008005530                EXTI9_5_IRQHandler
                0x0000000008005530                RTC_WKUP_IRQHandler
                0x0000000008005530                SPI2_IRQHandler
                0x0000000008005530                DMA1_Stream0_IRQHandler
                0x0000000008005530                EXTI4_IRQHandler
                0x0000000008005530                WWDG_IRQHandler
                0x0000000008005530                OTG_FS_WKUP_IRQHandler
                0x0000000008005530                TIM1_TRG_COM_TIM11_IRQHandler
                0x0000000008005530                EXTI1_IRQHandler
                0x0000000008005530                USART2_IRQHandler
                0x0000000008005530                I2C2_ER_IRQHandler
                0x0000000008005530                DMA2_Stream1_IRQHandler
                0x0000000008005530                FLASH_IRQHandler
                0x0000000008005530                DMA2_Stream4_IRQHandler
                0x0000000008005530                OTG_FS_IRQHandler
                0x0000000008005530                SPI3_IRQHandler
                0x0000000008005530                DMA1_Stream4_IRQHandler
                0x0000000008005530                I2C1_ER_IRQHandler
                0x0000000008005530                DMA2_Stream6_IRQHandler
                0x0000000008005530                DMA1_Stream3_IRQHandler
 *fill*         0x0000000008005532        0x2 
 .text.HAL_Init
                0x0000000008005534       0x44 ./Drivers/STM32F4xx_HAL_Driver/Src/stm32f4xx_hal.o
                0x0000000008005534                HAL_Init
 .text.HAL_InitTick
                0x0000000008005578       0x60 ./Drivers/STM32F4xx_HAL_Driver/Src/stm32f4xx_hal.o
                0x0000000008005578                HAL_InitTick
 .text.HAL_IncTick
                0x00000000080055d8       0x28 ./Drivers/STM32F4xx_HAL_Driver/Src/stm32f4xx_hal.o
                0x00000000080055d8                HAL_IncTick
 .text.HAL_GetTick
                0x0000000008005600       0x18 ./Drivers/STM32F4xx_HAL_Driver/Src/stm32f4xx_hal.o
                0x0000000008005600                HAL_GetTick
 .text.HAL_Delay
                0x0000000008005618       0x48 ./Drivers/STM32F4xx_HAL_Driver/Src/stm32f4xx_hal.o
                0x0000000008005618                HAL_Delay
 .text.HAL_ADC_Init
                0x0000000008005660       0x86 ./Drivers/STM32F4xx_HAL_Driver/Src/stm32f4xx_hal_adc.o
                0x0000000008005660                HAL_ADC_Init
 *fill*         0x00000000080056e6        0x2 
 .text.HAL_ADC_Start
                0x00000000080056e8      0x168 ./Drivers/STM32F4xx_HAL_Driver/Src/stm32f4xx_hal_adc.o
                0x00000000080056e8                HAL_ADC_Start
 .text.HAL_ADC_Stop
                0x0000000008005850       0x66 ./Drivers/STM32F4xx_HAL_Driver/Src/stm32f4xx_hal_adc.o
                0x0000000008005850                HAL_ADC_Stop
 .text.HAL_ADC_PollForConversion
                0x00000000080058b6      0x116 ./Drivers/STM32F4xx_HAL_Driver/Src/stm32f4xx_hal_adc.o
                0x00000000080058b6                HAL_ADC_PollForConversion
 .text.HAL_ADC_GetValue
                0x00000000080059cc       0x1a ./Drivers/STM32F4xx_HAL_Driver/Src/stm32f4xx_hal_adc.o
                0x00000000080059cc                HAL_ADC_GetValue
 *fill*         0x00000000080059e6        0x2 
 .text.HAL_ADC_ConfigChannel
                0x00000000080059e8      0x264 ./Drivers/STM32F4xx_HAL_Driver/Src/stm32f4xx_hal_adc.o
                0x00000000080059e8                HAL_ADC_ConfigChannel
 .text.ADC_Init
                0x0000000008005c4c      0x1f8 ./Drivers/STM32F4xx_HAL_Driver/Src/stm32f4xx_hal_adc.o
 .text.__NVIC_SetPriorityGrouping
                0x0000000008005e44       0x48 ./Drivers/STM32F4xx_HAL_Driver/Src/stm32f4xx_hal_cortex.o
 .text.__NVIC_GetPriorityGrouping
                0x0000000008005e8c       0x1c ./Drivers/STM32F4xx_HAL_Driver/Src/stm32f4xx_hal_cortex.o
 .text.__NVIC_EnableIRQ
                0x0000000008005ea8       0x3c ./Drivers/STM32F4xx_HAL_Driver/Src/stm32f4xx_hal_cortex.o
 .text.__NVIC_SetPriority
                0x0000000008005ee4       0x54 ./Drivers/STM32F4xx_HAL_Driver/Src/stm32f4xx_hal_cortex.o
 .text.NVIC_EncodePriority
                0x0000000008005f38       0x66 ./Drivers/STM32F4xx_HAL_Driver/Src/stm32f4xx_hal_cortex.o
 *fill*         0x0000000008005f9e        0x2 
 .text.SysTick_Config
                0x0000000008005fa0       0x44 ./Drivers/STM32F4xx_HAL_Driver/Src/stm32f4xx_hal_cortex.o
 .text.HAL_NVIC_SetPriorityGrouping
                0x0000000008005fe4       0x16 ./Drivers/STM32F4xx_HAL_Driver/Src/stm32f4xx_hal_cortex.o
                0x0000000008005fe4                HAL_NVIC_SetPriorityGrouping
 .text.HAL_NVIC_SetPriority
                0x0000000008005ffa       0x38 ./Drivers/STM32F4xx_HAL_Driver/Src/stm32f4xx_hal_cortex.o
                0x0000000008005ffa                HAL_NVIC_SetPriority
 .text.HAL_NVIC_EnableIRQ
                0x0000000008006032       0x1c ./Drivers/STM32F4xx_HAL_Driver/Src/stm32f4xx_hal_cortex.o
                0x0000000008006032                HAL_NVIC_EnableIRQ
 .text.HAL_SYSTICK_Config
                0x000000000800604e       0x18 ./Drivers/STM32F4xx_HAL_Driver/Src/stm32f4xx_hal_cortex.o
                0x000000000800604e                HAL_SYSTICK_Config
 .text.HAL_DMA_Abort
                0x0000000008006066       0xe0 ./Drivers/STM32F4xx_HAL_Driver/Src/stm32f4xx_hal_dma.o
                0x0000000008006066                HAL_DMA_Abort
 .text.HAL_DMA_Abort_IT
                0x0000000008006146       0x44 ./Drivers/STM32F4xx_HAL_Driver/Src/stm32f4xx_hal_dma.o
                0x0000000008006146                HAL_DMA_Abort_IT
 *fill*         0x000000000800618a        0x2 
 .text.HAL_GPIO_Init
                0x000000000800618c      0x308 ./Drivers/STM32F4xx_HAL_Driver/Src/stm32f4xx_hal_gpio.o
                0x000000000800618c                HAL_GPIO_Init
 .text.HAL_GPIO_ReadPin
                0x0000000008006494       0x30 ./Drivers/STM32F4xx_HAL_Driver/Src/stm32f4xx_hal_gpio.o
                0x0000000008006494                HAL_GPIO_ReadPin
 .text.HAL_GPIO_WritePin
                0x00000000080064c4       0x32 ./Drivers/STM32F4xx_HAL_Driver/Src/stm32f4xx_hal_gpio.o
                0x00000000080064c4                HAL_GPIO_WritePin
 *fill*         0x00000000080064f6        0x2 
 .text.HAL_GPIO_EXTI_IRQHandler
                0x00000000080064f8       0x30 ./Drivers/STM32F4xx_HAL_Driver/Src/stm32f4xx_hal_gpio.o
                0x00000000080064f8                HAL_GPIO_EXTI_IRQHandler
 .text.HAL_I2C_Init
                0x0000000008006528      0x288 ./Drivers/STM32F4xx_HAL_Driver/Src/stm32f4xx_hal_i2c.o
                0x0000000008006528                HAL_I2C_Init
 .text.HAL_I2C_Master_Transmit
                0x00000000080067b0      0x1fc ./Drivers/STM32F4xx_HAL_Driver/Src/stm32f4xx_hal_i2c.o
                0x00000000080067b0                HAL_I2C_Master_Transmit
 .text.HAL_I2C_Master_Receive
                0x00000000080069ac      0x44c ./Drivers/STM32F4xx_HAL_Driver/Src/stm32f4xx_hal_i2c.o
                0x00000000080069ac                HAL_I2C_Master_Receive
 .text.HAL_I2C_Mem_Write
                0x0000000008006df8      0x1f4 ./Drivers/STM32F4xx_HAL_Driver/Src/stm32f4xx_hal_i2c.o
                0x0000000008006df8                HAL_I2C_Mem_Write
 .text.HAL_I2C_IsDeviceReady
                0x0000000008006fec      0x25c ./Drivers/STM32F4xx_HAL_Driver/Src/stm32f4xx_hal_i2c.o
                0x0000000008006fec                HAL_I2C_IsDeviceReady
 .text.I2C_MasterRequestWrite
                0x0000000008007248      0x104 ./Drivers/STM32F4xx_HAL_Driver/Src/stm32f4xx_hal_i2c.o
 .text.I2C_MasterRequestRead
                0x000000000800734c      0x19c ./Drivers/STM32F4xx_HAL_Driver/Src/stm32f4xx_hal_i2c.o
 .text.I2C_RequestMemoryWrite
                0x00000000080074e8      0x12c ./Drivers/STM32F4xx_HAL_Driver/Src/stm32f4xx_hal_i2c.o
 .text.I2C_WaitOnFlagUntilTimeout
                0x0000000008007614       0xae ./Drivers/STM32F4xx_HAL_Driver/Src/stm32f4xx_hal_i2c.o
 .text.I2C_WaitOnMasterAddressFlagUntilTimeout
                0x00000000080076c2       0xfe ./Drivers/STM32F4xx_HAL_Driver/Src/stm32f4xx_hal_i2c.o
 .text.I2C_WaitOnTXEFlagUntilTimeout
                0x00000000080077c0       0x82 ./Drivers/STM32F4xx_HAL_Driver/Src/stm32f4xx_hal_i2c.o
 .text.I2C_WaitOnBTFFlagUntilTimeout
                0x0000000008007842       0x82 ./Drivers/STM32F4xx_HAL_Driver/Src/stm32f4xx_hal_i2c.o
 .text.I2C_WaitOnRXNEFlagUntilTimeout
                0x00000000080078c4       0xac ./Drivers/STM32F4xx_HAL_Driver/Src/stm32f4xx_hal_i2c.o
 .text.I2C_IsAcknowledgeFailed
                0x0000000008007970       0x5e ./Drivers/STM32F4xx_HAL_Driver/Src/stm32f4xx_hal_i2c.o
 *fill*         0x00000000080079ce        0x2 
 .text.HAL_RCC_OscConfig
                0x00000000080079d0      0x4f0 ./Drivers/STM32F4xx_HAL_Driver/Src/stm32f4xx_hal_rcc.o
                0x00000000080079d0                HAL_RCC_OscConfig
 .text.HAL_RCC_ClockConfig
                0x0000000008007ec0      0x1cc ./Drivers/STM32F4xx_HAL_Driver/Src/stm32f4xx_hal_rcc.o
                0x0000000008007ec0                HAL_RCC_ClockConfig
 .text.HAL_RCC_GetSysClockFreq
                0x000000000800808c      0x18c ./Drivers/STM32F4xx_HAL_Driver/Src/stm32f4xx_hal_rcc.o
                0x000000000800808c                HAL_RCC_GetSysClockFreq
 .text.HAL_RCC_GetHCLKFreq
                0x0000000008008218       0x18 ./Drivers/STM32F4xx_HAL_Driver/Src/stm32f4xx_hal_rcc.o
                0x0000000008008218                HAL_RCC_GetHCLKFreq
 .text.HAL_RCC_GetPCLK1Freq
                0x0000000008008230       0x28 ./Drivers/STM32F4xx_HAL_Driver/Src/stm32f4xx_hal_rcc.o
                0x0000000008008230                HAL_RCC_GetPCLK1Freq
 .text.HAL_RCC_GetPCLK2Freq
                0x0000000008008258       0x28 ./Drivers/STM32F4xx_HAL_Driver/Src/stm32f4xx_hal_rcc.o
                0x0000000008008258                HAL_RCC_GetPCLK2Freq
 .text.HAL_TIM_Base_Init
                0x0000000008008280       0x9e ./Drivers/STM32F4xx_HAL_Driver/Src/stm32f4xx_hal_tim.o
                0x0000000008008280                HAL_TIM_Base_Init
 *fill*         0x000000000800831e        0x2 
 .text.HAL_TIM_Base_Start
                0x0000000008008320       0xb4 ./Drivers/STM32F4xx_HAL_Driver/Src/stm32f4xx_hal_tim.o
                0x0000000008008320                HAL_TIM_Base_Start
 .text.HAL_TIM_Base_Start_IT
                0x00000000080083d4       0xc4 ./Drivers/STM32F4xx_HAL_Driver/Src/stm32f4xx_hal_tim.o
                0x00000000080083d4                HAL_TIM_Base_Start_IT
 .text.HAL_TIM_PWM_Init
                0x0000000008008498       0x9e ./Drivers/STM32F4xx_HAL_Driver/Src/stm32f4xx_hal_tim.o
                0x0000000008008498                HAL_TIM_PWM_Init
 *fill*         0x0000000008008536        0x2 
 .text.HAL_TIM_PWM_Start
                0x0000000008008538      0x160 ./Drivers/STM32F4xx_HAL_Driver/Src/stm32f4xx_hal_tim.o
                0x0000000008008538                HAL_TIM_PWM_Start
 .text.HAL_TIM_IC_Init
                0x0000000008008698       0x9e ./Drivers/STM32F4xx_HAL_Driver/Src/stm32f4xx_hal_tim.o
                0x0000000008008698                HAL_TIM_IC_Init
 .text.HAL_TIM_IC_MspInit
                0x0000000008008736       0x14 ./Drivers/STM32F4xx_HAL_Driver/Src/stm32f4xx_hal_tim.o
                0x0000000008008736                HAL_TIM_IC_MspInit
 *fill*         0x000000000800874a        0x2 
 .text.HAL_TIM_IC_Start_IT
                0x000000000800874c      0x234 ./Drivers/STM32F4xx_HAL_Driver/Src/stm32f4xx_hal_tim.o
                0x000000000800874c                HAL_TIM_IC_Start_IT
 .text.HAL_TIM_IRQHandler
                0x0000000008008980      0x210 ./Drivers/STM32F4xx_HAL_Driver/Src/stm32f4xx_hal_tim.o
                0x0000000008008980                HAL_TIM_IRQHandler
 .text.HAL_TIM_IC_ConfigChannel
                0x0000000008008b90      0x138 ./Drivers/STM32F4xx_HAL_Driver/Src/stm32f4xx_hal_tim.o
                0x0000000008008b90                HAL_TIM_IC_ConfigChannel
 .text.HAL_TIM_PWM_ConfigChannel
                0x0000000008008cc8      0x184 ./Drivers/STM32F4xx_HAL_Driver/Src/stm32f4xx_hal_tim.o
                0x0000000008008cc8                HAL_TIM_PWM_ConfigChannel
 .text.HAL_TIM_ConfigClockSource
                0x0000000008008e4c      0x18e ./Drivers/STM32F4xx_HAL_Driver/Src/stm32f4xx_hal_tim.o
                0x0000000008008e4c                HAL_TIM_ConfigClockSource
 .text.HAL_TIM_PeriodElapsedCallback
                0x0000000008008fda       0x14 ./Drivers/STM32F4xx_HAL_Driver/Src/stm32f4xx_hal_tim.o
                0x0000000008008fda                HAL_TIM_PeriodElapsedCallback
 .text.HAL_TIM_OC_DelayElapsedCallback
                0x0000000008008fee       0x14 ./Drivers/STM32F4xx_HAL_Driver/Src/stm32f4xx_hal_tim.o
                0x0000000008008fee                HAL_TIM_OC_DelayElapsedCallback
 .text.HAL_TIM_PWM_PulseFinishedCallback
                0x0000000008009002       0x14 ./Drivers/STM32F4xx_HAL_Driver/Src/stm32f4xx_hal_tim.o
                0x0000000008009002                HAL_TIM_PWM_PulseFinishedCallback
 .text.HAL_TIM_TriggerCallback
                0x0000000008009016       0x14 ./Drivers/STM32F4xx_HAL_Driver/Src/stm32f4xx_hal_tim.o
                0x0000000008009016                HAL_TIM_TriggerCallback
 *fill*         0x000000000800902a        0x2 
 .text.TIM_Base_SetConfig
                0x000000000800902c      0x100 ./Drivers/STM32F4xx_HAL_Driver/Src/stm32f4xx_hal_tim.o
                0x000000000800902c                TIM_Base_SetConfig
 .text.TIM_OC1_SetConfig
                0x000000000800912c       0xcc ./Drivers/STM32F4xx_HAL_Driver/Src/stm32f4xx_hal_tim.o
 .text.TIM_OC2_SetConfig
                0x00000000080091f8       0xd8 ./Drivers/STM32F4xx_HAL_Driver/Src/stm32f4xx_hal_tim.o
                0x00000000080091f8                TIM_OC2_SetConfig
 .text.TIM_OC3_SetConfig
                0x00000000080092d0       0xd4 ./Drivers/STM32F4xx_HAL_Driver/Src/stm32f4xx_hal_tim.o
 .text.TIM_OC4_SetConfig
                0x00000000080093a4       0xa0 ./Drivers/STM32F4xx_HAL_Driver/Src/stm32f4xx_hal_tim.o
 .text.TIM_TI1_SetConfig
                0x0000000008009444       0xd0 ./Drivers/STM32F4xx_HAL_Driver/Src/stm32f4xx_hal_tim.o
                0x0000000008009444                TIM_TI1_SetConfig
 .text.TIM_TI1_ConfigInputStage
                0x0000000008009514       0x5e ./Drivers/STM32F4xx_HAL_Driver/Src/stm32f4xx_hal_tim.o
 .text.TIM_TI2_SetConfig
                0x0000000008009572       0x7a ./Drivers/STM32F4xx_HAL_Driver/Src/stm32f4xx_hal_tim.o
 .text.TIM_TI2_ConfigInputStage
                0x00000000080095ec       0x60 ./Drivers/STM32F4xx_HAL_Driver/Src/stm32f4xx_hal_tim.o
 .text.TIM_TI3_SetConfig
                0x000000000800964c       0x78 ./Drivers/STM32F4xx_HAL_Driver/Src/stm32f4xx_hal_tim.o
 .text.TIM_TI4_SetConfig
                0x00000000080096c4       0x7a ./Drivers/STM32F4xx_HAL_Driver/Src/stm32f4xx_hal_tim.o
 .text.TIM_ITRx_SetConfig
                0x000000000800973e       0x36 ./Drivers/STM32F4xx_HAL_Driver/Src/stm32f4xx_hal_tim.o
 .text.TIM_ETR_SetConfig
                0x0000000008009774       0x40 ./Drivers/STM32F4xx_HAL_Driver/Src/stm32f4xx_hal_tim.o
                0x0000000008009774                TIM_ETR_SetConfig
 .text.TIM_CCxChannelCmd
                0x00000000080097b4       0x4a ./Drivers/STM32F4xx_HAL_Driver/Src/stm32f4xx_hal_tim.o
                0x00000000080097b4                TIM_CCxChannelCmd
 *fill*         0x00000000080097fe        0x2 
 .text.HAL_TIMEx_MasterConfigSynchronization
                0x0000000008009800       0xdc ./Drivers/STM32F4xx_HAL_Driver/Src/stm32f4xx_hal_tim_ex.o
                0x0000000008009800                HAL_TIMEx_MasterConfigSynchronization
 .text.HAL_TIMEx_CommutCallback
                0x00000000080098dc       0x14 ./Drivers/STM32F4xx_HAL_Driver/Src/stm32f4xx_hal_tim_ex.o
                0x00000000080098dc                HAL_TIMEx_CommutCallback
 .text.HAL_TIMEx_BreakCallback
                0x00000000080098f0       0x14 ./Drivers/STM32F4xx_HAL_Driver/Src/stm32f4xx_hal_tim_ex.o
                0x00000000080098f0                HAL_TIMEx_BreakCallback
 .text.HAL_UART_Init
                0x0000000008009904       0x9a ./Drivers/STM32F4xx_HAL_Driver/Src/stm32f4xx_hal_uart.o
                0x0000000008009904                HAL_UART_Init
 .text.HAL_UART_Receive_IT
                0x000000000800999e       0x60 ./Drivers/STM32F4xx_HAL_Driver/Src/stm32f4xx_hal_uart.o
                0x000000000800999e                HAL_UART_Receive_IT
 *fill*         0x00000000080099fe        0x2 
 .text.HAL_UART_IRQHandler
                0x0000000008009a00      0x51c ./Drivers/STM32F4xx_HAL_Driver/Src/stm32f4xx_hal_uart.o
                0x0000000008009a00                HAL_UART_IRQHandler
 .text.HAL_UART_TxCpltCallback
                0x0000000008009f1c       0x14 ./Drivers/STM32F4xx_HAL_Driver/Src/stm32f4xx_hal_uart.o
                0x0000000008009f1c                HAL_UART_TxCpltCallback
 .text.HAL_UART_ErrorCallback
                0x0000000008009f30       0x14 ./Drivers/STM32F4xx_HAL_Driver/Src/stm32f4xx_hal_uart.o
                0x0000000008009f30                HAL_UART_ErrorCallback
 .text.HAL_UARTEx_RxEventCallback
                0x0000000008009f44       0x18 ./Drivers/STM32F4xx_HAL_Driver/Src/stm32f4xx_hal_uart.o
                0x0000000008009f44                HAL_UARTEx_RxEventCallback
 .text.UART_Start_Receive_IT
                0x0000000008009f5c       0x7c ./Drivers/STM32F4xx_HAL_Driver/Src/stm32f4xx_hal_uart.o
                0x0000000008009f5c                UART_Start_Receive_IT
 .text.UART_EndRxTransfer
                0x0000000008009fd8       0xc6 ./Drivers/STM32F4xx_HAL_Driver/Src/stm32f4xx_hal_uart.o
 .text.UART_DMAAbortOnError
                0x000000000800a09e       0x28 ./Drivers/STM32F4xx_HAL_Driver/Src/stm32f4xx_hal_uart.o
 .text.UART_Transmit_IT
                0x000000000800a0c6       0xa0 ./Drivers/STM32F4xx_HAL_Driver/Src/stm32f4xx_hal_uart.o
 .text.UART_EndTransmit_IT
                0x000000000800a166       0x30 ./Drivers/STM32F4xx_HAL_Driver/Src/stm32f4xx_hal_uart.o
 .text.UART_Receive_IT
                0x000000000800a196      0x176 ./Drivers/STM32F4xx_HAL_Driver/Src/stm32f4xx_hal_uart.o
 .text.UART_SetConfig
                0x000000000800a30c      0x4e8 ./Drivers/STM32F4xx_HAL_Driver/Src/stm32f4xx_hal_uart.o
 .text.atof     0x000000000800a7f4        0x6 C:/ST/STM32CubeIDE_1.13.2/STM32CubeIDE/plugins/com.st.stm32cube.ide.mcu.externaltools.gnu-tools-for-stm32.11.3.rel1.win32_1.1.1.202309131626/tools/bin/../lib/gcc/arm-none-eabi/11.3.1/../../../../arm-none-eabi/lib/thumb/v7e-m+fp/hard\libc_nano.a(libc_a-atof.o)
                0x000000000800a7f4                atof
 .text.atoi     0x000000000800a7fa        0x8 C:/ST/STM32CubeIDE_1.13.2/STM32CubeIDE/plugins/com.st.stm32cube.ide.mcu.externaltools.gnu-tools-for-stm32.11.3.rel1.win32_1.1.1.202309131626/tools/bin/../lib/gcc/arm-none-eabi/11.3.1/../../../../arm-none-eabi/lib/thumb/v7e-m+fp/hard\libc_nano.a(libc_a-atoi.o)
                0x000000000800a7fa                atoi
 .text.sulp     0x000000000800a802       0x38 C:/ST/STM32CubeIDE_1.13.2/STM32CubeIDE/plugins/com.st.stm32cube.ide.mcu.externaltools.gnu-tools-for-stm32.11.3.rel1.win32_1.1.1.202309131626/tools/bin/../lib/gcc/arm-none-eabi/11.3.1/../../../../arm-none-eabi/lib/thumb/v7e-m+fp/hard\libc_nano.a(libc_a-strtod.o)
 *fill*         0x000000000800a83a        0x6 
 .text._strtod_l
                0x000000000800a840      0xbe0 C:/ST/STM32CubeIDE_1.13.2/STM32CubeIDE/plugins/com.st.stm32cube.ide.mcu.externaltools.gnu-tools-for-stm32.11.3.rel1.win32_1.1.1.202309131626/tools/bin/../lib/gcc/arm-none-eabi/11.3.1/../../../../arm-none-eabi/lib/thumb/v7e-m+fp/hard\libc_nano.a(libc_a-strtod.o)
                0x000000000800a840                _strtod_l
 .text.strtod   0x000000000800b420       0x18 C:/ST/STM32CubeIDE_1.13.2/STM32CubeIDE/plugins/com.st.stm32cube.ide.mcu.externaltools.gnu-tools-for-stm32.11.3.rel1.win32_1.1.1.202309131626/tools/bin/../lib/gcc/arm-none-eabi/11.3.1/../../../../arm-none-eabi/lib/thumb/v7e-m+fp/hard\libc_nano.a(libc_a-strtod.o)
                0x000000000800b420                strtod
 .text._strtol_l.constprop.0
                0x000000000800b438      0x104 C:/ST/STM32CubeIDE_1.13.2/STM32CubeIDE/plugins/com.st.stm32cube.ide.mcu.externaltools.gnu-tools-for-stm32.11.3.rel1.win32_1.1.1.202309131626/tools/bin/../lib/gcc/arm-none-eabi/11.3.1/../../../../arm-none-eabi/lib/thumb/v7e-m+fp/hard\libc_nano.a(libc_a-strtol.o)
 .text.strtol   0x000000000800b53c       0x14 C:/ST/STM32CubeIDE_1.13.2/STM32CubeIDE/plugins/com.st.stm32cube.ide.mcu.externaltools.gnu-tools-for-stm32.11.3.rel1.win32_1.1.1.202309131626/tools/bin/../lib/gcc/arm-none-eabi/11.3.1/../../../../arm-none-eabi/lib/thumb/v7e-m+fp/hard\libc_nano.a(libc_a-strtol.o)
                0x000000000800b53c                strtol
 .text.__cvt    0x000000000800b550       0xc4 C:/ST/STM32CubeIDE_1.13.2/STM32CubeIDE/plugins/com.st.stm32cube.ide.mcu.externaltools.gnu-tools-for-stm32.11.3.rel1.win32_1.1.1.202309131626/tools/bin/../lib/gcc/arm-none-eabi/11.3.1/../../../../arm-none-eabi/lib/thumb/v7e-m+fp/hard\libc_nano.a(libc_a-nano-vfprintf_float.o)
                0x000000000800b550                __cvt
 .text.__exponent
                0x000000000800b614       0x7c C:/ST/STM32CubeIDE_1.13.2/STM32CubeIDE/plugins/com.st.stm32cube.ide.mcu.externaltools.gnu-tools-for-stm32.11.3.rel1.win32_1.1.1.202309131626/tools/bin/../lib/gcc/arm-none-eabi/11.3.1/../../../../arm-none-eabi/lib/thumb/v7e-m+fp/hard\libc_nano.a(libc_a-nano-vfprintf_float.o)
                0x000000000800b614                __exponent
 .text._printf_float
                0x000000000800b690      0x46c C:/ST/STM32CubeIDE_1.13.2/STM32CubeIDE/plugins/com.st.stm32cube.ide.mcu.externaltools.gnu-tools-for-stm32.11.3.rel1.win32_1.1.1.202309131626/tools/bin/../lib/gcc/arm-none-eabi/11.3.1/../../../../arm-none-eabi/lib/thumb/v7e-m+fp/hard\libc_nano.a(libc_a-nano-vfprintf_float.o)
                0x000000000800b690                _printf_float
 .text._printf_common
                0x000000000800bafc       0xda C:/ST/STM32CubeIDE_1.13.2/STM32CubeIDE/plugins/com.st.stm32cube.ide.mcu.externaltools.gnu-tools-for-stm32.11.3.rel1.win32_1.1.1.202309131626/tools/bin/../lib/gcc/arm-none-eabi/11.3.1/../../../../arm-none-eabi/lib/thumb/v7e-m+fp/hard\libc_nano.a(libc_a-nano-vfprintf_i.o)
                0x000000000800bafc                _printf_common
 *fill*         0x000000000800bbd6        0x2 
 .text._printf_i
                0x000000000800bbd8      0x244 C:/ST/STM32CubeIDE_1.13.2/STM32CubeIDE/plugins/com.st.stm32cube.ide.mcu.externaltools.gnu-tools-for-stm32.11.3.rel1.win32_1.1.1.202309131626/tools/bin/../lib/gcc/arm-none-eabi/11.3.1/../../../../arm-none-eabi/lib/thumb/v7e-m+fp/hard\libc_nano.a(libc_a-nano-vfprintf_i.o)
                0x000000000800bbd8                _printf_i
 .text.std      0x000000000800be1c       0x6c C:/ST/STM32CubeIDE_1.13.2/STM32CubeIDE/plugins/com.st.stm32cube.ide.mcu.externaltools.gnu-tools-for-stm32.11.3.rel1.win32_1.1.1.202309131626/tools/bin/../lib/gcc/arm-none-eabi/11.3.1/../../../../arm-none-eabi/lib/thumb/v7e-m+fp/hard\libc_nano.a(libc_a-findfp.o)
 .text.stdio_exit_handler
                0x000000000800be88       0x18 C:/ST/STM32CubeIDE_1.13.2/STM32CubeIDE/plugins/com.st.stm32cube.ide.mcu.externaltools.gnu-tools-for-stm32.11.3.rel1.win32_1.1.1.202309131626/tools/bin/../lib/gcc/arm-none-eabi/11.3.1/../../../../arm-none-eabi/lib/thumb/v7e-m+fp/hard\libc_nano.a(libc_a-findfp.o)
 .text.cleanup_stdio
                0x000000000800bea0       0x40 C:/ST/STM32CubeIDE_1.13.2/STM32CubeIDE/plugins/com.st.stm32cube.ide.mcu.externaltools.gnu-tools-for-stm32.11.3.rel1.win32_1.1.1.202309131626/tools/bin/../lib/gcc/arm-none-eabi/11.3.1/../../../../arm-none-eabi/lib/thumb/v7e-m+fp/hard\libc_nano.a(libc_a-findfp.o)
 .text.global_stdio_init.part.0
                0x000000000800bee0       0x3c C:/ST/STM32CubeIDE_1.13.2/STM32CubeIDE/plugins/com.st.stm32cube.ide.mcu.externaltools.gnu-tools-for-stm32.11.3.rel1.win32_1.1.1.202309131626/tools/bin/../lib/gcc/arm-none-eabi/11.3.1/../../../../arm-none-eabi/lib/thumb/v7e-m+fp/hard\libc_nano.a(libc_a-findfp.o)
 .text.__sfp_lock_acquire
                0x000000000800bf1c        0xc C:/ST/STM32CubeIDE_1.13.2/STM32CubeIDE/plugins/com.st.stm32cube.ide.mcu.externaltools.gnu-tools-for-stm32.11.3.rel1.win32_1.1.1.202309131626/tools/bin/../lib/gcc/arm-none-eabi/11.3.1/../../../../arm-none-eabi/lib/thumb/v7e-m+fp/hard\libc_nano.a(libc_a-findfp.o)
                0x000000000800bf1c                __sfp_lock_acquire
 .text.__sfp_lock_release
                0x000000000800bf28        0xc C:/ST/STM32CubeIDE_1.13.2/STM32CubeIDE/plugins/com.st.stm32cube.ide.mcu.externaltools.gnu-tools-for-stm32.11.3.rel1.win32_1.1.1.202309131626/tools/bin/../lib/gcc/arm-none-eabi/11.3.1/../../../../arm-none-eabi/lib/thumb/v7e-m+fp/hard\libc_nano.a(libc_a-findfp.o)
                0x000000000800bf28                __sfp_lock_release
 .text.__sinit  0x000000000800bf34       0x30 C:/ST/STM32CubeIDE_1.13.2/STM32CubeIDE/plugins/com.st.stm32cube.ide.mcu.externaltools.gnu-tools-for-stm32.11.3.rel1.win32_1.1.1.202309131626/tools/bin/../lib/gcc/arm-none-eabi/11.3.1/../../../../arm-none-eabi/lib/thumb/v7e-m+fp/hard\libc_nano.a(libc_a-findfp.o)
                0x000000000800bf34                __sinit
 .text._fwalk_sglue
                0x000000000800bf64       0x3c C:/ST/STM32CubeIDE_1.13.2/STM32CubeIDE/plugins/com.st.stm32cube.ide.mcu.externaltools.gnu-tools-for-stm32.11.3.rel1.win32_1.1.1.202309131626/tools/bin/../lib/gcc/arm-none-eabi/11.3.1/../../../../arm-none-eabi/lib/thumb/v7e-m+fp/hard\libc_nano.a(libc_a-fwalk.o)
                0x000000000800bf64                _fwalk_sglue
 .text.snprintf
                0x000000000800bfa0       0x68 C:/ST/STM32CubeIDE_1.13.2/STM32CubeIDE/plugins/com.st.stm32cube.ide.mcu.externaltools.gnu-tools-for-stm32.11.3.rel1.win32_1.1.1.202309131626/tools/bin/../lib/gcc/arm-none-eabi/11.3.1/../../../../arm-none-eabi/lib/thumb/v7e-m+fp/hard\libc_nano.a(libc_a-snprintf.o)
                0x000000000800bfa0                sniprintf
                0x000000000800bfa0                snprintf
 .text.sprintf  0x000000000800c008       0x40 C:/ST/STM32CubeIDE_1.13.2/STM32CubeIDE/plugins/com.st.stm32cube.ide.mcu.externaltools.gnu-tools-for-stm32.11.3.rel1.win32_1.1.1.202309131626/tools/bin/../lib/gcc/arm-none-eabi/11.3.1/../../../../arm-none-eabi/lib/thumb/v7e-m+fp/hard\libc_nano.a(libc_a-sprintf.o)
                0x000000000800c008                siprintf
                0x000000000800c008                sprintf
 .text.__sread  0x000000000800c048       0x22 C:/ST/STM32CubeIDE_1.13.2/STM32CubeIDE/plugins/com.st.stm32cube.ide.mcu.externaltools.gnu-tools-for-stm32.11.3.rel1.win32_1.1.1.202309131626/tools/bin/../lib/gcc/arm-none-eabi/11.3.1/../../../../arm-none-eabi/lib/thumb/v7e-m+fp/hard\libc_nano.a(libc_a-stdio.o)
                0x000000000800c048                __sread
 .text.__swrite
                0x000000000800c06a       0x38 C:/ST/STM32CubeIDE_1.13.2/STM32CubeIDE/plugins/com.st.stm32cube.ide.mcu.externaltools.gnu-tools-for-stm32.11.3.rel1.win32_1.1.1.202309131626/tools/bin/../lib/gcc/arm-none-eabi/11.3.1/../../../../arm-none-eabi/lib/thumb/v7e-m+fp/hard\libc_nano.a(libc_a-stdio.o)
                0x000000000800c06a                __swrite
 .text.__sseek  0x000000000800c0a2       0x24 C:/ST/STM32CubeIDE_1.13.2/STM32CubeIDE/plugins/com.st.stm32cube.ide.mcu.externaltools.gnu-tools-for-stm32.11.3.rel1.win32_1.1.1.202309131626/tools/bin/../lib/gcc/arm-none-eabi/11.3.1/../../../../arm-none-eabi/lib/thumb/v7e-m+fp/hard\libc_nano.a(libc_a-stdio.o)
                0x000000000800c0a2                __sseek
 .text.__sclose
                0x000000000800c0c6        0x8 C:/ST/STM32CubeIDE_1.13.2/STM32CubeIDE/plugins/com.st.stm32cube.ide.mcu.externaltools.gnu-tools-for-stm32.11.3.rel1.win32_1.1.1.202309131626/tools/bin/../lib/gcc/arm-none-eabi/11.3.1/../../../../arm-none-eabi/lib/thumb/v7e-m+fp/hard\libc_nano.a(libc_a-stdio.o)
                0x000000000800c0c6                __sclose
 .text.memmove  0x000000000800c0ce       0x34 C:/ST/STM32CubeIDE_1.13.2/STM32CubeIDE/plugins/com.st.stm32cube.ide.mcu.externaltools.gnu-tools-for-stm32.11.3.rel1.win32_1.1.1.202309131626/tools/bin/../lib/gcc/arm-none-eabi/11.3.1/../../../../arm-none-eabi/lib/thumb/v7e-m+fp/hard\libc_nano.a(libc_a-memmove.o)
                0x000000000800c0ce                memmove
 .text.memset   0x000000000800c102       0x10 C:/ST/STM32CubeIDE_1.13.2/STM32CubeIDE/plugins/com.st.stm32cube.ide.mcu.externaltools.gnu-tools-for-stm32.11.3.rel1.win32_1.1.1.202309131626/tools/bin/../lib/gcc/arm-none-eabi/11.3.1/../../../../arm-none-eabi/lib/thumb/v7e-m+fp/hard\libc_nano.a(libc_a-memset.o)
                0x000000000800c102                memset
 .text.strncmp  0x000000000800c112       0x24 C:/ST/STM32CubeIDE_1.13.2/STM32CubeIDE/plugins/com.st.stm32cube.ide.mcu.externaltools.gnu-tools-for-stm32.11.3.rel1.win32_1.1.1.202309131626/tools/bin/../lib/gcc/arm-none-eabi/11.3.1/../../../../arm-none-eabi/lib/thumb/v7e-m+fp/hard\libc_nano.a(libc_a-strncmp.o)
                0x000000000800c112                strncmp
 .text.strpbrk  0x000000000800c136       0x34 C:/ST/STM32CubeIDE_1.13.2/STM32CubeIDE/plugins/com.st.stm32cube.ide.mcu.externaltools.gnu-tools-for-stm32.11.3.rel1.win32_1.1.1.202309131626/tools/bin/../lib/gcc/arm-none-eabi/11.3.1/../../../../arm-none-eabi/lib/thumb/v7e-m+fp/hard\libc_nano.a(libc_a-strpbrk.o)
                0x000000000800c136                strpbrk
 *fill*         0x000000000800c16a        0x2 
 .text._localeconv_r
                0x000000000800c16c        0x8 C:/ST/STM32CubeIDE_1.13.2/STM32CubeIDE/plugins/com.st.stm32cube.ide.mcu.externaltools.gnu-tools-for-stm32.11.3.rel1.win32_1.1.1.202309131626/tools/bin/../lib/gcc/arm-none-eabi/11.3.1/../../../../arm-none-eabi/lib/thumb/v7e-m+fp/hard\libc_nano.a(libc_a-localeconv.o)
                0x000000000800c16c                _localeconv_r
 .text._close_r
                0x000000000800c174       0x20 C:/ST/STM32CubeIDE_1.13.2/STM32CubeIDE/plugins/com.st.stm32cube.ide.mcu.externaltools.gnu-tools-for-stm32.11.3.rel1.win32_1.1.1.202309131626/tools/bin/../lib/gcc/arm-none-eabi/11.3.1/../../../../arm-none-eabi/lib/thumb/v7e-m+fp/hard\libc_nano.a(libc_a-closer.o)
                0x000000000800c174                _close_r
 .text._lseek_r
                0x000000000800c194       0x24 C:/ST/STM32CubeIDE_1.13.2/STM32CubeIDE/plugins/com.st.stm32cube.ide.mcu.externaltools.gnu-tools-for-stm32.11.3.rel1.win32_1.1.1.202309131626/tools/bin/../lib/gcc/arm-none-eabi/11.3.1/../../../../arm-none-eabi/lib/thumb/v7e-m+fp/hard\libc_nano.a(libc_a-lseekr.o)
                0x000000000800c194                _lseek_r
 .text._read_r  0x000000000800c1b8       0x24 C:/ST/STM32CubeIDE_1.13.2/STM32CubeIDE/plugins/com.st.stm32cube.ide.mcu.externaltools.gnu-tools-for-stm32.11.3.rel1.win32_1.1.1.202309131626/tools/bin/../lib/gcc/arm-none-eabi/11.3.1/../../../../arm-none-eabi/lib/thumb/v7e-m+fp/hard\libc_nano.a(libc_a-readr.o)
                0x000000000800c1b8                _read_r
 .text._write_r
                0x000000000800c1dc       0x24 C:/ST/STM32CubeIDE_1.13.2/STM32CubeIDE/plugins/com.st.stm32cube.ide.mcu.externaltools.gnu-tools-for-stm32.11.3.rel1.win32_1.1.1.202309131626/tools/bin/../lib/gcc/arm-none-eabi/11.3.1/../../../../arm-none-eabi/lib/thumb/v7e-m+fp/hard\libc_nano.a(libc_a-writer.o)
                0x000000000800c1dc                _write_r
 .text.__errno  0x000000000800c200        0xc C:/ST/STM32CubeIDE_1.13.2/STM32CubeIDE/plugins/com.st.stm32cube.ide.mcu.externaltools.gnu-tools-for-stm32.11.3.rel1.win32_1.1.1.202309131626/tools/bin/../lib/gcc/arm-none-eabi/11.3.1/../../../../arm-none-eabi/lib/thumb/v7e-m+fp/hard\libc_nano.a(libc_a-errno.o)
                0x000000000800c200                __errno
 .text.__libc_init_array
                0x000000000800c20c       0x48 C:/ST/STM32CubeIDE_1.13.2/STM32CubeIDE/plugins/com.st.stm32cube.ide.mcu.externaltools.gnu-tools-for-stm32.11.3.rel1.win32_1.1.1.202309131626/tools/bin/../lib/gcc/arm-none-eabi/11.3.1/../../../../arm-none-eabi/lib/thumb/v7e-m+fp/hard\libc_nano.a(libc_a-init.o)
                0x000000000800c20c                __libc_init_array
 .text.__retarget_lock_init_recursive
                0x000000000800c254        0x2 C:/ST/STM32CubeIDE_1.13.2/STM32CubeIDE/plugins/com.st.stm32cube.ide.mcu.externaltools.gnu-tools-for-stm32.11.3.rel1.win32_1.1.1.202309131626/tools/bin/../lib/gcc/arm-none-eabi/11.3.1/../../../../arm-none-eabi/lib/thumb/v7e-m+fp/hard\libc_nano.a(libc_a-lock.o)
                0x000000000800c254                __retarget_lock_init_recursive
 .text.__retarget_lock_acquire_recursive
                0x000000000800c256        0x2 C:/ST/STM32CubeIDE_1.13.2/STM32CubeIDE/plugins/com.st.stm32cube.ide.mcu.externaltools.gnu-tools-for-stm32.11.3.rel1.win32_1.1.1.202309131626/tools/bin/../lib/gcc/arm-none-eabi/11.3.1/../../../../arm-none-eabi/lib/thumb/v7e-m+fp/hard\libc_nano.a(libc_a-lock.o)
                0x000000000800c256                __retarget_lock_acquire_recursive
 .text.__retarget_lock_release_recursive
                0x000000000800c258        0x2 C:/ST/STM32CubeIDE_1.13.2/STM32CubeIDE/plugins/com.st.stm32cube.ide.mcu.externaltools.gnu-tools-for-stm32.11.3.rel1.win32_1.1.1.202309131626/tools/bin/../lib/gcc/arm-none-eabi/11.3.1/../../../../arm-none-eabi/lib/thumb/v7e-m+fp/hard\libc_nano.a(libc_a-lock.o)
                0x000000000800c258                __retarget_lock_release_recursive
 .text.memcpy   0x000000000800c25a       0x1c C:/ST/STM32CubeIDE_1.13.2/STM32CubeIDE/plugins/com.st.stm32cube.ide.mcu.externaltools.gnu-tools-for-stm32.11.3.rel1.win32_1.1.1.202309131626/tools/bin/../lib/gcc/arm-none-eabi/11.3.1/../../../../arm-none-eabi/lib/thumb/v7e-m+fp/hard\libc_nano.a(libc_a-memcpy-stub.o)
                0x000000000800c25a                memcpy
 *fill*         0x000000000800c276        0x2 
 .text.nan      0x000000000800c278       0x10 C:/ST/STM32CubeIDE_1.13.2/STM32CubeIDE/plugins/com.st.stm32cube.ide.mcu.externaltools.gnu-tools-for-stm32.11.3.rel1.win32_1.1.1.202309131626/tools/bin/../lib/gcc/arm-none-eabi/11.3.1/../../../../arm-none-eabi/lib/thumb/v7e-m+fp/hard\libc_nano.a(libm_a-s_nan.o)
                0x000000000800c278                nan
 .text.quorem   0x000000000800c288      0x110 C:/ST/STM32CubeIDE_1.13.2/STM32CubeIDE/plugins/com.st.stm32cube.ide.mcu.externaltools.gnu-tools-for-stm32.11.3.rel1.win32_1.1.1.202309131626/tools/bin/../lib/gcc/arm-none-eabi/11.3.1/../../../../arm-none-eabi/lib/thumb/v7e-m+fp/hard\libc_nano.a(libc_a-dtoa.o)
 .text._dtoa_r  0x000000000800c398      0xbe4 C:/ST/STM32CubeIDE_1.13.2/STM32CubeIDE/plugins/com.st.stm32cube.ide.mcu.externaltools.gnu-tools-for-stm32.11.3.rel1.win32_1.1.1.202309131626/tools/bin/../lib/gcc/arm-none-eabi/11.3.1/../../../../arm-none-eabi/lib/thumb/v7e-m+fp/hard\libc_nano.a(libc_a-dtoa.o)
                0x000000000800c398                _dtoa_r
 .text._free_r  0x000000000800cf7c       0x98 C:/ST/STM32CubeIDE_1.13.2/STM32CubeIDE/plugins/com.st.stm32cube.ide.mcu.externaltools.gnu-tools-for-stm32.11.3.rel1.win32_1.1.1.202309131626/tools/bin/../lib/gcc/arm-none-eabi/11.3.1/../../../../arm-none-eabi/lib/thumb/v7e-m+fp/hard\libc_nano.a(libc_a-freer.o)
                0x000000000800cf7c                _free_r
 .text.rshift   0x000000000800d014       0xa4 C:/ST/STM32CubeIDE_1.13.2/STM32CubeIDE/plugins/com.st.stm32cube.ide.mcu.externaltools.gnu-tools-for-stm32.11.3.rel1.win32_1.1.1.202309131626/tools/bin/../lib/gcc/arm-none-eabi/11.3.1/../../../../arm-none-eabi/lib/thumb/v7e-m+fp/hard\libc_nano.a(libc_a-gdtoa-gethex.o)
 .text.__hexdig_fun
                0x000000000800d0b8       0x2a C:/ST/STM32CubeIDE_1.13.2/STM32CubeIDE/plugins/com.st.stm32cube.ide.mcu.externaltools.gnu-tools-for-stm32.11.3.rel1.win32_1.1.1.202309131626/tools/bin/../lib/gcc/arm-none-eabi/11.3.1/../../../../arm-none-eabi/lib/thumb/v7e-m+fp/hard\libc_nano.a(libc_a-gdtoa-gethex.o)
                0x000000000800d0b8                __hexdig_fun
 *fill*         0x000000000800d0e2        0x2 
 .text.__gethex
                0x000000000800d0e4      0x45c C:/ST/STM32CubeIDE_1.13.2/STM32CubeIDE/plugins/com.st.stm32cube.ide.mcu.externaltools.gnu-tools-for-stm32.11.3.rel1.win32_1.1.1.202309131626/tools/bin/../lib/gcc/arm-none-eabi/11.3.1/../../../../arm-none-eabi/lib/thumb/v7e-m+fp/hard\libc_nano.a(libc_a-gdtoa-gethex.o)
                0x000000000800d0e4                __gethex
 .text.L_shift  0x000000000800d540       0x24 C:/ST/STM32CubeIDE_1.13.2/STM32CubeIDE/plugins/com.st.stm32cube.ide.mcu.externaltools.gnu-tools-for-stm32.11.3.rel1.win32_1.1.1.202309131626/tools/bin/../lib/gcc/arm-none-eabi/11.3.1/../../../../arm-none-eabi/lib/thumb/v7e-m+fp/hard\libc_nano.a(libc_a-gdtoa-hexnan.o)
 .text.__match  0x000000000800d564       0x28 C:/ST/STM32CubeIDE_1.13.2/STM32CubeIDE/plugins/com.st.stm32cube.ide.mcu.externaltools.gnu-tools-for-stm32.11.3.rel1.win32_1.1.1.202309131626/tools/bin/../lib/gcc/arm-none-eabi/11.3.1/../../../../arm-none-eabi/lib/thumb/v7e-m+fp/hard\libc_nano.a(libc_a-gdtoa-hexnan.o)
                0x000000000800d564                __match
 .text.__hexnan
                0x000000000800d58c      0x136 C:/ST/STM32CubeIDE_1.13.2/STM32CubeIDE/plugins/com.st.stm32cube.ide.mcu.externaltools.gnu-tools-for-stm32.11.3.rel1.win32_1.1.1.202309131626/tools/bin/../lib/gcc/arm-none-eabi/11.3.1/../../../../arm-none-eabi/lib/thumb/v7e-m+fp/hard\libc_nano.a(libc_a-gdtoa-hexnan.o)
                0x000000000800d58c                __hexnan
 *fill*         0x000000000800d6c2        0x2 
 .text.malloc   0x000000000800d6c4       0x10 C:/ST/STM32CubeIDE_1.13.2/STM32CubeIDE/plugins/com.st.stm32cube.ide.mcu.externaltools.gnu-tools-for-stm32.11.3.rel1.win32_1.1.1.202309131626/tools/bin/../lib/gcc/arm-none-eabi/11.3.1/../../../../arm-none-eabi/lib/thumb/v7e-m+fp/hard\libc_nano.a(libc_a-malloc.o)
                0x000000000800d6c4                malloc
 .text.sbrk_aligned
                0x000000000800d6d4       0x40 C:/ST/STM32CubeIDE_1.13.2/STM32CubeIDE/plugins/com.st.stm32cube.ide.mcu.externaltools.gnu-tools-for-stm32.11.3.rel1.win32_1.1.1.202309131626/tools/bin/../lib/gcc/arm-none-eabi/11.3.1/../../../../arm-none-eabi/lib/thumb/v7e-m+fp/hard\libc_nano.a(libc_a-mallocr.o)
 .text._malloc_r
                0x000000000800d714      0x100 C:/ST/STM32CubeIDE_1.13.2/STM32CubeIDE/plugins/com.st.stm32cube.ide.mcu.externaltools.gnu-tools-for-stm32.11.3.rel1.win32_1.1.1.202309131626/tools/bin/../lib/gcc/arm-none-eabi/11.3.1/../../../../arm-none-eabi/lib/thumb/v7e-m+fp/hard\libc_nano.a(libc_a-mallocr.o)
                0x000000000800d714                _malloc_r
 .text.__ascii_mbtowc
                0x000000000800d814       0x24 C:/ST/STM32CubeIDE_1.13.2/STM32CubeIDE/plugins/com.st.stm32cube.ide.mcu.externaltools.gnu-tools-for-stm32.11.3.rel1.win32_1.1.1.202309131626/tools/bin/../lib/gcc/arm-none-eabi/11.3.1/../../../../arm-none-eabi/lib/thumb/v7e-m+fp/hard\libc_nano.a(libc_a-mbtowc_r.o)
                0x000000000800d814                __ascii_mbtowc
 .text.__malloc_lock
                0x000000000800d838        0xc C:/ST/STM32CubeIDE_1.13.2/STM32CubeIDE/plugins/com.st.stm32cube.ide.mcu.externaltools.gnu-tools-for-stm32.11.3.rel1.win32_1.1.1.202309131626/tools/bin/../lib/gcc/arm-none-eabi/11.3.1/../../../../arm-none-eabi/lib/thumb/v7e-m+fp/hard\libc_nano.a(libc_a-mlock.o)
                0x000000000800d838                __malloc_lock
 .text.__malloc_unlock
                0x000000000800d844        0xc C:/ST/STM32CubeIDE_1.13.2/STM32CubeIDE/plugins/com.st.stm32cube.ide.mcu.externaltools.gnu-tools-for-stm32.11.3.rel1.win32_1.1.1.202309131626/tools/bin/../lib/gcc/arm-none-eabi/11.3.1/../../../../arm-none-eabi/lib/thumb/v7e-m+fp/hard\libc_nano.a(libc_a-mlock.o)
                0x000000000800d844                __malloc_unlock
 .text._Balloc  0x000000000800d850       0x80 C:/ST/STM32CubeIDE_1.13.2/STM32CubeIDE/plugins/com.st.stm32cube.ide.mcu.externaltools.gnu-tools-for-stm32.11.3.rel1.win32_1.1.1.202309131626/tools/bin/../lib/gcc/arm-none-eabi/11.3.1/../../../../arm-none-eabi/lib/thumb/v7e-m+fp/hard\libc_nano.a(libc_a-mprec.o)
                0x000000000800d850                _Balloc
 .text._Bfree   0x000000000800d8d0       0x44 C:/ST/STM32CubeIDE_1.13.2/STM32CubeIDE/plugins/com.st.stm32cube.ide.mcu.externaltools.gnu-tools-for-stm32.11.3.rel1.win32_1.1.1.202309131626/tools/bin/../lib/gcc/arm-none-eabi/11.3.1/../../../../arm-none-eabi/lib/thumb/v7e-m+fp/hard\libc_nano.a(libc_a-mprec.o)
                0x000000000800d8d0                _Bfree
 .text.__multadd
                0x000000000800d914       0x8c C:/ST/STM32CubeIDE_1.13.2/STM32CubeIDE/plugins/com.st.stm32cube.ide.mcu.externaltools.gnu-tools-for-stm32.11.3.rel1.win32_1.1.1.202309131626/tools/bin/../lib/gcc/arm-none-eabi/11.3.1/../../../../arm-none-eabi/lib/thumb/v7e-m+fp/hard\libc_nano.a(libc_a-mprec.o)
                0x000000000800d914                __multadd
 .text.__s2b    0x000000000800d9a0       0x94 C:/ST/STM32CubeIDE_1.13.2/STM32CubeIDE/plugins/com.st.stm32cube.ide.mcu.externaltools.gnu-tools-for-stm32.11.3.rel1.win32_1.1.1.202309131626/tools/bin/../lib/gcc/arm-none-eabi/11.3.1/../../../../arm-none-eabi/lib/thumb/v7e-m+fp/hard\libc_nano.a(libc_a-mprec.o)
                0x000000000800d9a0                __s2b
 .text.__hi0bits
                0x000000000800da34       0x40 C:/ST/STM32CubeIDE_1.13.2/STM32CubeIDE/plugins/com.st.stm32cube.ide.mcu.externaltools.gnu-tools-for-stm32.11.3.rel1.win32_1.1.1.202309131626/tools/bin/../lib/gcc/arm-none-eabi/11.3.1/../../../../arm-none-eabi/lib/thumb/v7e-m+fp/hard\libc_nano.a(libc_a-mprec.o)
                0x000000000800da34                __hi0bits
 .text.__lo0bits
                0x000000000800da74       0x5a C:/ST/STM32CubeIDE_1.13.2/STM32CubeIDE/plugins/com.st.stm32cube.ide.mcu.externaltools.gnu-tools-for-stm32.11.3.rel1.win32_1.1.1.202309131626/tools/bin/../lib/gcc/arm-none-eabi/11.3.1/../../../../arm-none-eabi/lib/thumb/v7e-m+fp/hard\libc_nano.a(libc_a-mprec.o)
                0x000000000800da74                __lo0bits
 *fill*         0x000000000800dace        0x2 
 .text.__i2b    0x000000000800dad0       0x2c C:/ST/STM32CubeIDE_1.13.2/STM32CubeIDE/plugins/com.st.stm32cube.ide.mcu.externaltools.gnu-tools-for-stm32.11.3.rel1.win32_1.1.1.202309131626/tools/bin/../lib/gcc/arm-none-eabi/11.3.1/../../../../arm-none-eabi/lib/thumb/v7e-m+fp/hard\libc_nano.a(libc_a-mprec.o)
                0x000000000800dad0                __i2b
 .text.__multiply
                0x000000000800dafc      0x154 C:/ST/STM32CubeIDE_1.13.2/STM32CubeIDE/plugins/com.st.stm32cube.ide.mcu.externaltools.gnu-tools-for-stm32.11.3.rel1.win32_1.1.1.202309131626/tools/bin/../lib/gcc/arm-none-eabi/11.3.1/../../../../arm-none-eabi/lib/thumb/v7e-m+fp/hard\libc_nano.a(libc_a-mprec.o)
                0x000000000800dafc                __multiply
 .text.__pow5mult
                0x000000000800dc50       0xb4 C:/ST/STM32CubeIDE_1.13.2/STM32CubeIDE/plugins/com.st.stm32cube.ide.mcu.externaltools.gnu-tools-for-stm32.11.3.rel1.win32_1.1.1.202309131626/tools/bin/../lib/gcc/arm-none-eabi/11.3.1/../../../../arm-none-eabi/lib/thumb/v7e-m+fp/hard\libc_nano.a(libc_a-mprec.o)
                0x000000000800dc50                __pow5mult
 .text.__lshift
                0x000000000800dd04       0xd8 C:/ST/STM32CubeIDE_1.13.2/STM32CubeIDE/plugins/com.st.stm32cube.ide.mcu.externaltools.gnu-tools-for-stm32.11.3.rel1.win32_1.1.1.202309131626/tools/bin/../lib/gcc/arm-none-eabi/11.3.1/../../../../arm-none-eabi/lib/thumb/v7e-m+fp/hard\libc_nano.a(libc_a-mprec.o)
                0x000000000800dd04                __lshift
 .text.__mcmp   0x000000000800dddc       0x38 C:/ST/STM32CubeIDE_1.13.2/STM32CubeIDE/plugins/com.st.stm32cube.ide.mcu.externaltools.gnu-tools-for-stm32.11.3.rel1.win32_1.1.1.202309131626/tools/bin/../lib/gcc/arm-none-eabi/11.3.1/../../../../arm-none-eabi/lib/thumb/v7e-m+fp/hard\libc_nano.a(libc_a-mprec.o)
                0x000000000800dddc                __mcmp
 .text.__mdiff  0x000000000800de14      0x114 C:/ST/STM32CubeIDE_1.13.2/STM32CubeIDE/plugins/com.st.stm32cube.ide.mcu.externaltools.gnu-tools-for-stm32.11.3.rel1.win32_1.1.1.202309131626/tools/bin/../lib/gcc/arm-none-eabi/11.3.1/../../../../arm-none-eabi/lib/thumb/v7e-m+fp/hard\libc_nano.a(libc_a-mprec.o)
                0x000000000800de14                __mdiff
 .text.__ulp    0x000000000800df28       0x4c C:/ST/STM32CubeIDE_1.13.2/STM32CubeIDE/plugins/com.st.stm32cube.ide.mcu.externaltools.gnu-tools-for-stm32.11.3.rel1.win32_1.1.1.202309131626/tools/bin/../lib/gcc/arm-none-eabi/11.3.1/../../../../arm-none-eabi/lib/thumb/v7e-m+fp/hard\libc_nano.a(libc_a-mprec.o)
                0x000000000800df28                __ulp
 .text.__b2d    0x000000000800df74       0x94 C:/ST/STM32CubeIDE_1.13.2/STM32CubeIDE/plugins/com.st.stm32cube.ide.mcu.externaltools.gnu-tools-for-stm32.11.3.rel1.win32_1.1.1.202309131626/tools/bin/../lib/gcc/arm-none-eabi/11.3.1/../../../../arm-none-eabi/lib/thumb/v7e-m+fp/hard\libc_nano.a(libc_a-mprec.o)
                0x000000000800df74                __b2d
 .text.__d2b    0x000000000800e008       0xb4 C:/ST/STM32CubeIDE_1.13.2/STM32CubeIDE/plugins/com.st.stm32cube.ide.mcu.externaltools.gnu-tools-for-stm32.11.3.rel1.win32_1.1.1.202309131626/tools/bin/../lib/gcc/arm-none-eabi/11.3.1/../../../../arm-none-eabi/lib/thumb/v7e-m+fp/hard\libc_nano.a(libc_a-mprec.o)
                0x000000000800e008                __d2b
 .text.__ratio  0x000000000800e0bc       0x66 C:/ST/STM32CubeIDE_1.13.2/STM32CubeIDE/plugins/com.st.stm32cube.ide.mcu.externaltools.gnu-tools-for-stm32.11.3.rel1.win32_1.1.1.202309131626/tools/bin/../lib/gcc/arm-none-eabi/11.3.1/../../../../arm-none-eabi/lib/thumb/v7e-m+fp/hard\libc_nano.a(libc_a-mprec.o)
                0x000000000800e0bc                __ratio
 .text.__copybits
                0x000000000800e122       0x46 C:/ST/STM32CubeIDE_1.13.2/STM32CubeIDE/plugins/com.st.stm32cube.ide.mcu.externaltools.gnu-tools-for-stm32.11.3.rel1.win32_1.1.1.202309131626/tools/bin/../lib/gcc/arm-none-eabi/11.3.1/../../../../arm-none-eabi/lib/thumb/v7e-m+fp/hard\libc_nano.a(libc_a-mprec.o)
                0x000000000800e122                __copybits
 .text.__any_on
                0x000000000800e168       0x42 C:/ST/STM32CubeIDE_1.13.2/STM32CubeIDE/plugins/com.st.stm32cube.ide.mcu.externaltools.gnu-tools-for-stm32.11.3.rel1.win32_1.1.1.202309131626/tools/bin/../lib/gcc/arm-none-eabi/11.3.1/../../../../arm-none-eabi/lib/thumb/v7e-m+fp/hard\libc_nano.a(libc_a-mprec.o)
                0x000000000800e168                __any_on
 .text.__ascii_wctomb
                0x000000000800e1aa       0x1a C:/ST/STM32CubeIDE_1.13.2/STM32CubeIDE/plugins/com.st.stm32cube.ide.mcu.externaltools.gnu-tools-for-stm32.11.3.rel1.win32_1.1.1.202309131626/tools/bin/../lib/gcc/arm-none-eabi/11.3.1/../../../../arm-none-eabi/lib/thumb/v7e-m+fp/hard\libc_nano.a(libc_a-wctomb_r.o)
                0x000000000800e1aa                __ascii_wctomb
 .text.__ssputs_r
                0x000000000800e1c4       0xb4 C:/ST/STM32CubeIDE_1.13.2/STM32CubeIDE/plugins/com.st.stm32cube.ide.mcu.externaltools.gnu-tools-for-stm32.11.3.rel1.win32_1.1.1.202309131626/tools/bin/../lib/gcc/arm-none-eabi/11.3.1/../../../../arm-none-eabi/lib/thumb/v7e-m+fp/hard\libc_nano.a(libc_a-nano-svfprintf.o)
                0x000000000800e1c4                __ssputs_r
 .text._svfprintf_r
                0x000000000800e278      0x1fc C:/ST/STM32CubeIDE_1.13.2/STM32CubeIDE/plugins/com.st.stm32cube.ide.mcu.externaltools.gnu-tools-for-stm32.11.3.rel1.win32_1.1.1.202309131626/tools/bin/../lib/gcc/arm-none-eabi/11.3.1/../../../../arm-none-eabi/lib/thumb/v7e-m+fp/hard\libc_nano.a(libc_a-nano-svfprintf.o)
                0x000000000800e278                _svfiprintf_r
                0x000000000800e278                _svfprintf_r
 .text.__sflush_r
                0x000000000800e474      0x10c C:/ST/STM32CubeIDE_1.13.2/STM32CubeIDE/plugins/com.st.stm32cube.ide.mcu.externaltools.gnu-tools-for-stm32.11.3.rel1.win32_1.1.1.202309131626/tools/bin/../lib/gcc/arm-none-eabi/11.3.1/../../../../arm-none-eabi/lib/thumb/v7e-m+fp/hard\libc_nano.a(libc_a-fflush.o)
                0x000000000800e474                __sflush_r
 .text._fflush_r
                0x000000000800e580       0x50 C:/ST/STM32CubeIDE_1.13.2/STM32CubeIDE/plugins/com.st.stm32cube.ide.mcu.externaltools.gnu-tools-for-stm32.11.3.rel1.win32_1.1.1.202309131626/tools/bin/../lib/gcc/arm-none-eabi/11.3.1/../../../../arm-none-eabi/lib/thumb/v7e-m+fp/hard\libc_nano.a(libc_a-fflush.o)
                0x000000000800e580                _fflush_r
 .text._sbrk_r  0x000000000800e5d0       0x20 C:/ST/STM32CubeIDE_1.13.2/STM32CubeIDE/plugins/com.st.stm32cube.ide.mcu.externaltools.gnu-tools-for-stm32.11.3.rel1.win32_1.1.1.202309131626/tools/bin/../lib/gcc/arm-none-eabi/11.3.1/../../../../arm-none-eabi/lib/thumb/v7e-m+fp/hard\libc_nano.a(libc_a-sbrkr.o)
                0x000000000800e5d0                _sbrk_r
 .text.__assert_func
                0x000000000800e5f0       0x3c C:/ST/STM32CubeIDE_1.13.2/STM32CubeIDE/plugins/com.st.stm32cube.ide.mcu.externaltools.gnu-tools-for-stm32.11.3.rel1.win32_1.1.1.202309131626/tools/bin/../lib/gcc/arm-none-eabi/11.3.1/../../../../arm-none-eabi/lib/thumb/v7e-m+fp/hard\libc_nano.a(libc_a-assert.o)
                0x000000000800e5f0                __assert_func
 .text._calloc_r
                0x000000000800e62c       0x2c C:/ST/STM32CubeIDE_1.13.2/STM32CubeIDE/plugins/com.st.stm32cube.ide.mcu.externaltools.gnu-tools-for-stm32.11.3.rel1.win32_1.1.1.202309131626/tools/bin/../lib/gcc/arm-none-eabi/11.3.1/../../../../arm-none-eabi/lib/thumb/v7e-m+fp/hard\libc_nano.a(libc_a-callocr.o)
                0x000000000800e62c                _calloc_r
 .text._realloc_r
                0x000000000800e658       0x5e C:/ST/STM32CubeIDE_1.13.2/STM32CubeIDE/plugins/com.st.stm32cube.ide.mcu.externaltools.gnu-tools-for-stm32.11.3.rel1.win32_1.1.1.202309131626/tools/bin/../lib/gcc/arm-none-eabi/11.3.1/../../../../arm-none-eabi/lib/thumb/v7e-m+fp/hard\libc_nano.a(libc_a-reallocr.o)
                0x000000000800e658                _realloc_r
 *fill*         0x000000000800e6b6        0x2 
 .text.fprintf  0x000000000800e6b8       0x24 C:/ST/STM32CubeIDE_1.13.2/STM32CubeIDE/plugins/com.st.stm32cube.ide.mcu.externaltools.gnu-tools-for-stm32.11.3.rel1.win32_1.1.1.202309131626/tools/bin/../lib/gcc/arm-none-eabi/11.3.1/../../../../arm-none-eabi/lib/thumb/v7e-m+fp/hard\libc_nano.a(libc_a-fprintf.o)
                0x000000000800e6b8                fiprintf
                0x000000000800e6b8                fprintf
 .text.abort    0x000000000800e6dc        0xe C:/ST/STM32CubeIDE_1.13.2/STM32CubeIDE/plugins/com.st.stm32cube.ide.mcu.externaltools.gnu-tools-for-stm32.11.3.rel1.win32_1.1.1.202309131626/tools/bin/../lib/gcc/arm-none-eabi/11.3.1/../../../../arm-none-eabi/lib/thumb/v7e-m+fp/hard\libc_nano.a(libc_a-abort.o)
                0x000000000800e6dc                abort
 .text._malloc_usable_size_r
                0x000000000800e6ea       0x10 C:/ST/STM32CubeIDE_1.13.2/STM32CubeIDE/plugins/com.st.stm32cube.ide.mcu.externaltools.gnu-tools-for-stm32.11.3.rel1.win32_1.1.1.202309131626/tools/bin/../lib/gcc/arm-none-eabi/11.3.1/../../../../arm-none-eabi/lib/thumb/v7e-m+fp/hard\libc_nano.a(libc_a-msizer.o)
                0x000000000800e6ea                _malloc_usable_size_r
 .text.__sfputc_r
                0x000000000800e6fa       0x2e C:/ST/STM32CubeIDE_1.13.2/STM32CubeIDE/plugins/com.st.stm32cube.ide.mcu.externaltools.gnu-tools-for-stm32.11.3.rel1.win32_1.1.1.202309131626/tools/bin/../lib/gcc/arm-none-eabi/11.3.1/../../../../arm-none-eabi/lib/thumb/v7e-m+fp/hard\libc_nano.a(libc_a-nano-vfprintf.o)
 .text.__sfputs_r
                0x000000000800e728       0x24 C:/ST/STM32CubeIDE_1.13.2/STM32CubeIDE/plugins/com.st.stm32cube.ide.mcu.externaltools.gnu-tools-for-stm32.11.3.rel1.win32_1.1.1.202309131626/tools/bin/../lib/gcc/arm-none-eabi/11.3.1/../../../../arm-none-eabi/lib/thumb/v7e-m+fp/hard\libc_nano.a(libc_a-nano-vfprintf.o)
                0x000000000800e728                __sfputs_r
 .text._vfprintf_r
                0x000000000800e74c      0x234 C:/ST/STM32CubeIDE_1.13.2/STM32CubeIDE/plugins/com.st.stm32cube.ide.mcu.externaltools.gnu-tools-for-stm32.11.3.rel1.win32_1.1.1.202309131626/tools/bin/../lib/gcc/arm-none-eabi/11.3.1/../../../../arm-none-eabi/lib/thumb/v7e-m+fp/hard\libc_nano.a(libc_a-nano-vfprintf.o)
                0x000000000800e74c                _vfprintf_r
                0x000000000800e74c                _vfiprintf_r
 .text.__swbuf_r
                0x000000000800e980       0x7a C:/ST/STM32CubeIDE_1.13.2/STM32CubeIDE/plugins/com.st.stm32cube.ide.mcu.externaltools.gnu-tools-for-stm32.11.3.rel1.win32_1.1.1.202309131626/tools/bin/../lib/gcc/arm-none-eabi/11.3.1/../../../../arm-none-eabi/lib/thumb/v7e-m+fp/hard\libc_nano.a(libc_a-wbuf.o)
                0x000000000800e980                __swbuf_r
 *fill*         0x000000000800e9fa        0x2 
 .text.__swsetup_r
                0x000000000800e9fc       0xb0 C:/ST/STM32CubeIDE_1.13.2/STM32CubeIDE/plugins/com.st.stm32cube.ide.mcu.externaltools.gnu-tools-for-stm32.11.3.rel1.win32_1.1.1.202309131626/tools/bin/../lib/gcc/arm-none-eabi/11.3.1/../../../../arm-none-eabi/lib/thumb/v7e-m+fp/hard\libc_nano.a(libc_a-wsetup.o)
                0x000000000800e9fc                __swsetup_r
 .text._raise_r
                0x000000000800eaac       0x50 C:/ST/STM32CubeIDE_1.13.2/STM32CubeIDE/plugins/com.st.stm32cube.ide.mcu.externaltools.gnu-tools-for-stm32.11.3.rel1.win32_1.1.1.202309131626/tools/bin/../lib/gcc/arm-none-eabi/11.3.1/../../../../arm-none-eabi/lib/thumb/v7e-m+fp/hard\libc_nano.a(libc_a-signal.o)
                0x000000000800eaac                _raise_r
 .text.raise    0x000000000800eafc       0x10 C:/ST/STM32CubeIDE_1.13.2/STM32CubeIDE/plugins/com.st.stm32cube.ide.mcu.externaltools.gnu-tools-for-stm32.11.3.rel1.win32_1.1.1.202309131626/tools/bin/../lib/gcc/arm-none-eabi/11.3.1/../../../../arm-none-eabi/lib/thumb/v7e-m+fp/hard\libc_nano.a(libc_a-signal.o)
                0x000000000800eafc                raise
 .text._kill_r  0x000000000800eb0c       0x24 C:/ST/STM32CubeIDE_1.13.2/STM32CubeIDE/plugins/com.st.stm32cube.ide.mcu.externaltools.gnu-tools-for-stm32.11.3.rel1.win32_1.1.1.202309131626/tools/bin/../lib/gcc/arm-none-eabi/11.3.1/../../../../arm-none-eabi/lib/thumb/v7e-m+fp/hard\libc_nano.a(libc_a-signalr.o)
                0x000000000800eb0c                _kill_r
 .text._getpid_r
                0x000000000800eb30        0x4 C:/ST/STM32CubeIDE_1.13.2/STM32CubeIDE/plugins/com.st.stm32cube.ide.mcu.externaltools.gnu-tools-for-stm32.11.3.rel1.win32_1.1.1.202309131626/tools/bin/../lib/gcc/arm-none-eabi/11.3.1/../../../../arm-none-eabi/lib/thumb/v7e-m+fp/hard\libc_nano.a(libc_a-signalr.o)
                0x000000000800eb30                _getpid_r
 .text.__swhatbuf_r
                0x000000000800eb34       0x4c C:/ST/STM32CubeIDE_1.13.2/STM32CubeIDE/plugins/com.st.stm32cube.ide.mcu.externaltools.gnu-tools-for-stm32.11.3.rel1.win32_1.1.1.202309131626/tools/bin/../lib/gcc/arm-none-eabi/11.3.1/../../../../arm-none-eabi/lib/thumb/v7e-m+fp/hard\libc_nano.a(libc_a-makebuf.o)
                0x000000000800eb34                __swhatbuf_r
 .text.__smakebuf_r
                0x000000000800eb80       0x78 C:/ST/STM32CubeIDE_1.13.2/STM32CubeIDE/plugins/com.st.stm32cube.ide.mcu.externaltools.gnu-tools-for-stm32.11.3.rel1.win32_1.1.1.202309131626/tools/bin/../lib/gcc/arm-none-eabi/11.3.1/../../../../arm-none-eabi/lib/thumb/v7e-m+fp/hard\libc_nano.a(libc_a-makebuf.o)
                0x000000000800eb80                __smakebuf_r
 .text._fstat_r
                0x000000000800ebf8       0x24 C:/ST/STM32CubeIDE_1.13.2/STM32CubeIDE/plugins/com.st.stm32cube.ide.mcu.externaltools.gnu-tools-for-stm32.11.3.rel1.win32_1.1.1.202309131626/tools/bin/../lib/gcc/arm-none-eabi/11.3.1/../../../../arm-none-eabi/lib/thumb/v7e-m+fp/hard\libc_nano.a(libc_a-fstatr.o)